llama_print_build_info: build = 1 (44dbe8c)
llama_print_build_info: built with MSVC 19.44.35226.0 for x64
main: quantizing 'C:\Users\admin\gemma4-turbo-family\gemma4-e4b-swa-only.gguf' to 'C:\Users\admin\gemma4-turbo-family\gemma4-e4b-swa-q2k.gguf' as Q2_K
llama_model_loader: loaded meta data with 45 key-value pairs and 601 tensors from C:\Users\admin\gemma4-turbo-family\gemma4-e4b-swa-only.gguf (version GGUF V3 (latest))
llama_model_loader: Dumping metadata keys/values. Note: KV overrides do not apply in this output.
llama_model_loader: - kv   0:                       general.architecture str              = gemma4
llama_model_loader: - kv   1:                               general.type str              = model
llama_model_loader: - kv   2:                     general.sampling.top_k i32              = 64
llama_model_loader: - kv   3:                     general.sampling.top_p f32              = 0.950000
llama_model_loader: - kv   4:                      general.sampling.temp f32              = 1.000000
llama_model_loader: - kv   5:                               general.name str              = Gemma 4 E4B It
llama_model_loader: - kv   6:                         general.size_label str              = 7.5B
llama_model_loader: - kv   7:                            general.license str              = apache-2.0
llama_model_loader: - kv   8:                       general.license.link str              = https://ai.google.dev/gemma/docs/gemm...
llama_model_loader: - kv   9:                               general.tags arr[str,1]       = ["any-to-any"]
llama_model_loader: - kv  10:                         gemma4.block_count u32              = 35
llama_model_loader: - kv  11:                      gemma4.context_length u32              = 131072
llama_model_loader: - kv  12:                    gemma4.embedding_length u32              = 2560
llama_model_loader: - kv  13:                 gemma4.feed_forward_length u32              = 10240
llama_model_loader: - kv  14:                gemma4.attention.head_count u32              = 8
llama_model_loader: - kv  15:             gemma4.attention.head_count_kv u32              = 2
llama_model_loader: - kv  16:                      gemma4.rope.freq_base f32              = 1000000.000000
llama_model_loader: - kv  17:                  gemma4.rope.freq_base_swa f32              = 10000.000000
llama_model_loader: - kv  18:    gemma4.attention.layer_norm_rms_epsilon f32              = 0.000001
llama_model_loader: - kv  19:                gemma4.attention.key_length u32              = 256
llama_model_loader: - kv  20:              gemma4.attention.value_length u32              = 256
llama_model_loader: - kv  21:                          general.file_type u32              = 32
llama_model_loader: - kv  22:             gemma4.final_logit_softcapping f32              = 30.000000
llama_model_loader: - kv  23:            gemma4.attention.sliding_window u32              = 512
llama_model_loader: - kv  24:          gemma4.attention.shared_kv_layers u32              = 0
llama_model_loader: - kv  25:    gemma4.embedding_length_per_layer_input u32              = 256
llama_model_loader: - kv  26:    gemma4.attention.sliding_window_pattern arr[bool,35]     = [true, true, true, true, true, true, ...
llama_model_loader: - kv  27:            gemma4.attention.key_length_swa u32              = 256
llama_model_loader: - kv  28:          gemma4.attention.value_length_swa u32              = 256
llama_model_loader: - kv  29:                gemma4.rope.dimension_count u32              = 256
llama_model_loader: - kv  30:            gemma4.rope.dimension_count_swa u32              = 256
llama_model_loader: - kv  31:               general.quantization_version u32              = 2
llama_model_loader: - kv  32:                       tokenizer.ggml.model str              = gemma4
llama_model_loader: - kv  33:                      tokenizer.ggml.tokens arr[str,262144]  = ["<pad>", "<eos>", "<bos>", "<unk>", ...
llama_model_loader: - kv  34:                      tokenizer.ggml.scores arr[f32,262144]  = [-1000.000000, -1000.000000, -1000.00...
llama_model_loader: - kv  35:                  tokenizer.ggml.token_type arr[i32,262144]  = [3, 3, 3, 3, 3, 1, 1, 1, 1, 1, 1, 1, ...
llama_model_loader: - kv  36:                      tokenizer.ggml.merges arr[str,514906]  = ["\n\n\n\n\n\n\n\n\n\n\n\n\n\n\n\n\n\n\n\n\n\n\n\n\n\n\n\n\n\n \n", ...
llama_model_loader: - kv  37:                tokenizer.ggml.bos_token_id u32              = 2
llama_model_loader: - kv  38:                tokenizer.ggml.eos_token_id u32              = 1
llama_model_loader: - kv  39:            tokenizer.ggml.unknown_token_id u32              = 3
llama_model_loader: - kv  40:            tokenizer.ggml.padding_token_id u32              = 0
llama_model_loader: - kv  41:               tokenizer.ggml.mask_token_id u32              = 4
llama_model_loader: - kv  42:            tokenizer.ggml.add_space_prefix bool             = false
llama_model_loader: - kv  43:               tokenizer.ggml.add_bos_token bool             = true
llama_model_loader: - kv  44:                    tokenizer.chat_template str              = {%- macro format_parameters(propertie...
llama_model_loader: - type  f32:  283 tensors
llama_model_loader: - type bf16:  318 tensors
[   1/ 601] output_norm.weight                   - [  2560,      1,      1,      1], type =    f32, size =    0.010 MiB
[   2/ 601] per_layer_model_proj.weight          - [  2176,  10752,      1,      1], type =   bf16, size =   44.625 MiB
[   3/ 601] per_layer_proj_norm.weight           - [   256,      1,      1,      1], type =    f32, size =    0.001 MiB
[   4/ 601] per_layer_token_embd.weight          - [ 10752,   8960,      1,      1], type =   bf16, converting to q6_K .. size =   183.75 MiB ->    75.37 MiB
[   5/ 601] rope_freqs.weight                    - [   256,      1,      1,      1], type =    f32, size =    0.001 MiB
[   6/ 601] token_embd.weight                    - [  2560, 262144,      1,      1], type =   bf16, converting to q6_K .. size =  1280.00 MiB ->   525.00 MiB
[   7/ 601] blk.0.attn_k.weight                  - [  2560,    512,      1,      1], type =   bf16, converting to q2_K .. size =     2.50 MiB ->     0.41 MiB
[   8/ 601] blk.0.attn_k_norm.weight             - [   256,      1,      1,      1], type =    f32, size =    0.001 MiB
[   9/ 601] blk.0.attn_norm.weight               - [  2560,      1,      1,      1], type =    f32, size =    0.010 MiB
[  10/ 601] blk.0.attn_output.weight             - [  2048,   2560,      1,      1], type =   bf16, converting to q3_K .. size =    10.00 MiB ->     2.15 MiB
[  11/ 601] blk.0.attn_q.weight                  - [  2560,   2048,      1,      1], type =   bf16, converting to q2_K .. size =    10.00 MiB ->     1.64 MiB
[  12/ 601] blk.0.attn_q_norm.weight             - [   256,      1,      1,      1], type =    f32, size =    0.001 MiB
[  13/ 601] blk.0.attn_v.weight                  - [  2560,    512,      1,      1], type =   bf16, converting to q4_K .. size =     2.50 MiB ->     0.70 MiB
[  14/ 601] blk.0.ffn_down.weight                - [ 10240,   2560,      1,      1], type =   bf16, converting to q3_K .. size =    50.00 MiB ->    10.74 MiB
[  15/ 601] blk.0.ffn_gate.weight                - [  2560,  10240,      1,      1], type =   bf16, converting to q2_K .. size =    50.00 MiB ->     8.20 MiB
[  16/ 601] blk.0.ffn_norm.weight                - [  2560,      1,      1,      1], type =    f32, size =    0.010 MiB
[  17/ 601] blk.0.ffn_up.weight                  - [  2560,  10240,      1,      1], type =   bf16, converting to q2_K .. size =    50.00 MiB ->     8.20 MiB
[  18/ 601] blk.0.inp_gate.weight                - [  2560,    256,      1,      1], type =   bf16, converting to q2_K .. size =     1.25 MiB ->     0.21 MiB
[  19/ 601] blk.0.layer_output_scale.weight      - [     1,      1,      1,      1], type =    f32, size =    0.000 MiB
[  20/ 601] blk.0.post_attention_norm.weight     - [  2560,      1,      1,      1], type =    f32, size =    0.010 MiB
[  21/ 601] blk.0.post_ffw_norm.weight           - [  2560,      1,      1,      1], type =    f32, size =    0.010 MiB
[  22/ 601] blk.0.post_norm.weight               - [  2560,      1,      1,      1], type =    f32, size =    0.010 MiB
[  23/ 601] blk.0.proj.weight                    - [   256,   2560,      1,      1], type =   bf16, converting to q2_K .. size =     1.25 MiB ->     0.21 MiB
[  24/ 601] blk.1.attn_k.weight                  - [  2560,    512,      1,      1], type =   bf16, converting to q2_K .. size =     2.50 MiB ->     0.41 MiB
[  25/ 601] blk.1.attn_k_norm.weight             - [   256,      1,      1,      1], type =    f32, size =    0.001 MiB
[  26/ 601] blk.1.attn_norm.weight               - [  2560,      1,      1,      1], type =    f32, size =    0.010 MiB
[  27/ 601] blk.1.attn_output.weight             - [  2048,   2560,      1,      1], type =   bf16, converting to q3_K .. size =    10.00 MiB ->     2.15 MiB
[  28/ 601] blk.1.attn_q.weight                  - [  2560,   2048,      1,      1], type =   bf16, converting to q2_K .. size =    10.00 MiB ->     1.64 MiB
[  29/ 601] blk.1.attn_q_norm.weight             - [   256,      1,      1,      1], type =    f32, size =    0.001 MiB
[  30/ 601] blk.1.attn_v.weight                  - [  2560,    512,      1,      1], type =   bf16, converting to q4_K .. size =     2.50 MiB ->     0.70 MiB
[  31/ 601] blk.1.ffn_down.weight                - [ 10240,   2560,      1,      1], type =   bf16, converting to q3_K .. size =    50.00 MiB ->    10.74 MiB
[  32/ 601] blk.1.ffn_gate.weight                - [  2560,  10240,      1,      1], type =   bf16, converting to q2_K .. size =    50.00 MiB ->     8.20 MiB
[  33/ 601] blk.1.ffn_norm.weight                - [  2560,      1,      1,      1], type =    f32, size =    0.010 MiB
[  34/ 601] blk.1.ffn_up.weight                  - [  2560,  10240,      1,      1], type =   bf16, converting to q2_K .. size =    50.00 MiB ->     8.20 MiB
[  35/ 601] blk.1.inp_gate.weight                - [  2560,    256,      1,      1], type =   bf16, converting to q2_K .. size =     1.25 MiB ->     0.21 MiB
[  36/ 601] blk.1.layer_output_scale.weight      - [     1,      1,      1,      1], type =    f32, size =    0.000 MiB
[  37/ 601] blk.1.post_attention_norm.weight     - [  2560,      1,      1,      1], type =    f32, size =    0.010 MiB
[  38/ 601] blk.1.post_ffw_norm.weight           - [  2560,      1,      1,      1], type =    f32, size =    0.010 MiB
[  39/ 601] blk.1.post_norm.weight               - [  2560,      1,      1,      1], type =    f32, size =    0.010 MiB
[  40/ 601] blk.1.proj.weight                    - [   256,   2560,      1,      1], type =   bf16, converting to q2_K .. size =     1.25 MiB ->     0.21 MiB
[  41/ 601] blk.2.attn_k.weight                  - [  2560,    512,      1,      1], type =   bf16, converting to q2_K .. size =     2.50 MiB ->     0.41 MiB
[  42/ 601] blk.2.attn_k_norm.weight             - [   256,      1,      1,      1], type =    f32, size =    0.001 MiB
[  43/ 601] blk.2.attn_norm.weight               - [  2560,      1,      1,      1], type =    f32, size =    0.010 MiB
[  44/ 601] blk.2.attn_output.weight             - [  2048,   2560,      1,      1], type =   bf16, converting to q3_K .. size =    10.00 MiB ->     2.15 MiB
[  45/ 601] blk.2.attn_q.weight                  - [  2560,   2048,      1,      1], type =   bf16, converting to q2_K .. size =    10.00 MiB ->     1.64 MiB
[  46/ 601] blk.2.attn_q_norm.weight             - [   256,      1,      1,      1], type =    f32, size =    0.001 MiB
[  47/ 601] blk.2.attn_v.weight                  - [  2560,    512,      1,      1], type =   bf16, converting to q4_K .. size =     2.50 MiB ->     0.70 MiB
[  48/ 601] blk.2.ffn_down.weight                - [ 10240,   2560,      1,      1], type =   bf16, converting to q3_K .. size =    50.00 MiB ->    10.74 MiB
[  49/ 601] blk.2.ffn_gate.weight                - [  2560,  10240,      1,      1], type =   bf16, converting to q2_K .. size =    50.00 MiB ->     8.20 MiB
[  50/ 601] blk.2.ffn_norm.weight                - [  2560,      1,      1,      1], type =    f32, size =    0.010 MiB
[  51/ 601] blk.2.ffn_up.weight                  - [  2560,  10240,      1,      1], type =   bf16, converting to q2_K .. size =    50.00 MiB ->     8.20 MiB
[  52/ 601] blk.2.inp_gate.weight                - [  2560,    256,      1,      1], type =   bf16, converting to q2_K .. size =     1.25 MiB ->     0.21 MiB
[  53/ 601] blk.2.layer_output_scale.weight      - [     1,      1,      1,      1], type =    f32, size =    0.000 MiB
[  54/ 601] blk.2.post_attention_norm.weight     - [  2560,      1,      1,      1], type =    f32, size =    0.010 MiB
[  55/ 601] blk.2.post_ffw_norm.weight           - [  2560,      1,      1,      1], type =    f32, size =    0.010 MiB
[  56/ 601] blk.2.post_norm.weight               - [  2560,      1,      1,      1], type =    f32, size =    0.010 MiB
[  57/ 601] blk.2.proj.weight                    - [   256,   2560,      1,      1], type =   bf16, converting to q2_K .. size =     1.25 MiB ->     0.21 MiB
[  58/ 601] blk.3.attn_k.weight                  - [  2560,    512,      1,      1], type =   bf16, converting to q2_K .. size =     2.50 MiB ->     0.41 MiB
[  59/ 601] blk.3.attn_k_norm.weight             - [   256,      1,      1,      1], type =    f32, size =    0.001 MiB
[  60/ 601] blk.3.attn_norm.weight               - [  2560,      1,      1,      1], type =    f32, size =    0.010 MiB
[  61/ 601] blk.3.attn_output.weight             - [  2048,   2560,      1,      1], type =   bf16, converting to q3_K .. size =    10.00 MiB ->     2.15 MiB
[  62/ 601] blk.3.attn_q.weight                  - [  2560,   2048,      1,      1], type =   bf16, converting to q2_K .. size =    10.00 MiB ->     1.64 MiB
[  63/ 601] blk.3.attn_q_norm.weight             - [   256,      1,      1,      1], type =    f32, size =    0.001 MiB
[  64/ 601] blk.3.attn_v.weight                  - [  2560,    512,      1,      1], type =   bf16, converting to q4_K .. size =     2.50 MiB ->     0.70 MiB
[  65/ 601] blk.3.ffn_down.weight                - [ 10240,   2560,      1,      1], type =   bf16, converting to q3_K .. size =    50.00 MiB ->    10.74 MiB
[  66/ 601] blk.3.ffn_gate.weight                - [  2560,  10240,      1,      1], type =   bf16, converting to q2_K .. size =    50.00 MiB ->     8.20 MiB
[  67/ 601] blk.3.ffn_norm.weight                - [  2560,      1,      1,      1], type =    f32, size =    0.010 MiB
[  68/ 601] blk.3.ffn_up.weight                  - [  2560,  10240,      1,      1], type =   bf16, converting to q2_K .. size =    50.00 MiB ->     8.20 MiB
[  69/ 601] blk.3.inp_gate.weight                - [  2560,    256,      1,      1], type =   bf16, converting to q2_K .. size =     1.25 MiB ->     0.21 MiB
[  70/ 601] blk.3.layer_output_scale.weight      - [     1,      1,      1,      1], type =    f32, size =    0.000 MiB
[  71/ 601] blk.3.post_attention_norm.weight     - [  2560,      1,      1,      1], type =    f32, size =    0.010 MiB
[  72/ 601] blk.3.post_ffw_norm.weight           - [  2560,      1,      1,      1], type =    f32, size =    0.010 MiB
[  73/ 601] blk.3.post_norm.weight               - [  2560,      1,      1,      1], type =    f32, size =    0.010 MiB
[  74/ 601] blk.3.proj.weight                    - [   256,   2560,      1,      1], type =   bf16, converting to q2_K .. size =     1.25 MiB ->     0.21 MiB
[  75/ 601] blk.4.attn_k.weight                  - [  2560,    512,      1,      1], type =   bf16, converting to q2_K .. size =     2.50 MiB ->     0.41 MiB
[  76/ 601] blk.4.attn_k_norm.weight             - [   256,      1,      1,      1], type =    f32, size =    0.001 MiB
[  77/ 601] blk.4.attn_norm.weight               - [  2560,      1,      1,      1], type =    f32, size =    0.010 MiB
[  78/ 601] blk.4.attn_output.weight             - [  2048,   2560,      1,      1], type =   bf16, converting to q3_K .. size =    10.00 MiB ->     2.15 MiB
[  79/ 601] blk.4.attn_q.weight                  - [  2560,   2048,      1,      1], type =   bf16, converting to q2_K .. size =    10.00 MiB ->     1.64 MiB
[  80/ 601] blk.4.attn_q_norm.weight             - [   256,      1,      1,      1], type =    f32, size =    0.001 MiB
[  81/ 601] blk.4.attn_v.weight                  - [  2560,    512,      1,      1], type =   bf16, converting to q4_K .. size =     2.50 MiB ->     0.70 MiB
[  82/ 601] blk.4.ffn_down.weight                - [ 10240,   2560,      1,      1], type =   bf16, converting to q3_K .. size =    50.00 MiB ->    10.74 MiB
[  83/ 601] blk.4.ffn_gate.weight                - [  2560,  10240,      1,      1], type =   bf16, converting to q2_K .. size =    50.00 MiB ->     8.20 MiB
[  84/ 601] blk.4.ffn_norm.weight                - [  2560,      1,      1,      1], type =    f32, size =    0.010 MiB
[  85/ 601] blk.4.ffn_up.weight                  - [  2560,  10240,      1,      1], type =   bf16, converting to q2_K .. size =    50.00 MiB ->     8.20 MiB
[  86/ 601] blk.4.inp_gate.weight                - [  2560,    256,      1,      1], type =   bf16, converting to q2_K .. size =     1.25 MiB ->     0.21 MiB
[  87/ 601] blk.4.layer_output_scale.weight      - [     1,      1,      1,      1], type =    f32, size =    0.000 MiB
[  88/ 601] blk.4.post_attention_norm.weight     - [  2560,      1,      1,      1], type =    f32, size =    0.010 MiB
[  89/ 601] blk.4.post_ffw_norm.weight           - [  2560,      1,      1,      1], type =    f32, size =    0.010 MiB
[  90/ 601] blk.4.post_norm.weight               - [  2560,      1,      1,      1], type =    f32, size =    0.010 MiB
[  91/ 601] blk.4.proj.weight                    - [   256,   2560,      1,      1], type =   bf16, converting to q2_K .. size =     1.25 MiB ->     0.21 MiB
[  92/ 601] blk.5.attn_k.weight                  - [  2560,    512,      1,      1], type =   bf16, converting to q2_K .. size =     2.50 MiB ->     0.41 MiB
[  93/ 601] blk.5.attn_k_norm.weight             - [   256,      1,      1,      1], type =    f32, size =    0.001 MiB
[  94/ 601] blk.5.attn_norm.weight               - [  2560,      1,      1,      1], type =    f32, size =    0.010 MiB
[  95/ 601] blk.5.attn_output.weight             - [  2048,   2560,      1,      1], type =   bf16, converting to q3_K .. size =    10.00 MiB ->     2.15 MiB
[  96/ 601] blk.5.attn_q.weight                  - [  2560,   2048,      1,      1], type =   bf16, converting to q2_K .. size =    10.00 MiB ->     1.64 MiB
[  97/ 601] blk.5.attn_q_norm.weight             - [   256,      1,      1,      1], type =    f32, size =    0.001 MiB
[  98/ 601] blk.5.attn_v.weight                  - [  2560,    512,      1,      1], type =   bf16, converting to q4_K .. size =     2.50 MiB ->     0.70 MiB
[  99/ 601] blk.5.ffn_down.weight                - [ 10240,   2560,      1,      1], type =   bf16, converting to q3_K .. size =    50.00 MiB ->    10.74 MiB
[ 100/ 601] blk.5.ffn_gate.weight                - [  2560,  10240,      1,      1], type =   bf16, converting to q2_K .. size =    50.00 MiB ->     8.20 MiB
[ 101/ 601] blk.5.ffn_norm.weight                - [  2560,      1,      1,      1], type =    f32, size =    0.010 MiB
[ 102/ 601] blk.5.ffn_up.weight                  - [  2560,  10240,      1,      1], type =   bf16, converting to q2_K .. size =    50.00 MiB ->     8.20 MiB
[ 103/ 601] blk.5.inp_gate.weight                - [  2560,    256,      1,      1], type =   bf16, converting to q2_K .. size =     1.25 MiB ->     0.21 MiB
[ 104/ 601] blk.5.layer_output_scale.weight      - [     1,      1,      1,      1], type =    f32, size =    0.000 MiB
[ 105/ 601] blk.5.post_attention_norm.weight     - [  2560,      1,      1,      1], type =    f32, size =    0.010 MiB
[ 106/ 601] blk.5.post_ffw_norm.weight           - [  2560,      1,      1,      1], type =    f32, size =    0.010 MiB
[ 107/ 601] blk.5.post_norm.weight               - [  2560,      1,      1,      1], type =    f32, size =    0.010 MiB
[ 108/ 601] blk.5.proj.weight                    - [   256,   2560,      1,      1], type =   bf16, converting to q2_K .. size =     1.25 MiB ->     0.21 MiB
[ 109/ 601] blk.6.attn_k.weight                  - [  2560,    512,      1,      1], type =   bf16, converting to q2_K .. size =     2.50 MiB ->     0.41 MiB
[ 110/ 601] blk.6.attn_k_norm.weight             - [   256,      1,      1,      1], type =    f32, size =    0.001 MiB
[ 111/ 601] blk.6.attn_norm.weight               - [  2560,      1,      1,      1], type =    f32, size =    0.010 MiB
[ 112/ 601] blk.6.attn_output.weight             - [  2048,   2560,      1,      1], type =   bf16, converting to q3_K .. size =    10.00 MiB ->     2.15 MiB
[ 113/ 601] blk.6.attn_q.weight                  - [  2560,   2048,      1,      1], type =   bf16, converting to q2_K .. size =    10.00 MiB ->     1.64 MiB
[ 114/ 601] blk.6.attn_q_norm.weight             - [   256,      1,      1,      1], type =    f32, size =    0.001 MiB
[ 115/ 601] blk.6.attn_v.weight                  - [  2560,    512,      1,      1], type =   bf16, converting to q4_K .. size =     2.50 MiB ->     0.70 MiB
[ 116/ 601] blk.6.ffn_down.weight                - [ 10240,   2560,      1,      1], type =   bf16, converting to q3_K .. size =    50.00 MiB ->    10.74 MiB
[ 117/ 601] blk.6.ffn_gate.weight                - [  2560,  10240,      1,      1], type =   bf16, converting to q2_K .. size =    50.00 MiB ->     8.20 MiB
[ 118/ 601] blk.6.ffn_norm.weight                - [  2560,      1,      1,      1], type =    f32, size =    0.010 MiB
[ 119/ 601] blk.6.ffn_up.weight                  - [  2560,  10240,      1,      1], type =   bf16, converting to q2_K .. size =    50.00 MiB ->     8.20 MiB
[ 120/ 601] blk.6.inp_gate.weight                - [  2560,    256,      1,      1], type =   bf16, converting to q2_K .. size =     1.25 MiB ->     0.21 MiB
[ 121/ 601] blk.6.layer_output_scale.weight      - [     1,      1,      1,      1], type =    f32, size =    0.000 MiB
[ 122/ 601] blk.6.post_attention_norm.weight     - [  2560,      1,      1,      1], type =    f32, size =    0.010 MiB
[ 123/ 601] blk.6.post_ffw_norm.weight           - [  2560,      1,      1,      1], type =    f32, size =    0.010 MiB
[ 124/ 601] blk.6.post_norm.weight               - [  2560,      1,      1,      1], type =    f32, size =    0.010 MiB
[ 125/ 601] blk.6.proj.weight                    - [   256,   2560,      1,      1], type =   bf16, converting to q2_K .. size =     1.25 MiB ->     0.21 MiB
[ 126/ 601] blk.7.attn_k.weight                  - [  2560,    512,      1,      1], type =   bf16, converting to q2_K .. size =     2.50 MiB ->     0.41 MiB
[ 127/ 601] blk.7.attn_k_norm.weight             - [   256,      1,      1,      1], type =    f32, size =    0.001 MiB
[ 128/ 601] blk.7.attn_norm.weight               - [  2560,      1,      1,      1], type =    f32, size =    0.010 MiB
[ 129/ 601] blk.7.attn_output.weight             - [  2048,   2560,      1,      1], type =   bf16, converting to q3_K .. size =    10.00 MiB ->     2.15 MiB
[ 130/ 601] blk.7.attn_q.weight                  - [  2560,   2048,      1,      1], type =   bf16, converting to q2_K .. size =    10.00 MiB ->     1.64 MiB
[ 131/ 601] blk.7.attn_q_norm.weight             - [   256,      1,      1,      1], type =    f32, size =    0.001 MiB
[ 132/ 601] blk.7.attn_v.weight                  - [  2560,    512,      1,      1], type =   bf16, converting to q4_K .. size =     2.50 MiB ->     0.70 MiB
[ 133/ 601] blk.7.ffn_down.weight                - [ 10240,   2560,      1,      1], type =   bf16, converting to q3_K .. size =    50.00 MiB ->    10.74 MiB
[ 134/ 601] blk.7.ffn_gate.weight                - [  2560,  10240,      1,      1], type =   bf16, converting to q2_K .. size =    50.00 MiB ->     8.20 MiB
[ 135/ 601] blk.7.ffn_norm.weight                - [  2560,      1,      1,      1], type =    f32, size =    0.010 MiB
[ 136/ 601] blk.7.ffn_up.weight                  - [  2560,  10240,      1,      1], type =   bf16, converting to q2_K .. size =    50.00 MiB ->     8.20 MiB
[ 137/ 601] blk.7.inp_gate.weight                - [  2560,    256,      1,      1], type =   bf16, converting to q2_K .. size =     1.25 MiB ->     0.21 MiB
[ 138/ 601] blk.7.layer_output_scale.weight      - [     1,      1,      1,      1], type =    f32, size =    0.000 MiB
[ 139/ 601] blk.7.post_attention_norm.weight     - [  2560,      1,      1,      1], type =    f32, size =    0.010 MiB
[ 140/ 601] blk.7.post_ffw_norm.weight           - [  2560,      1,      1,      1], type =    f32, size =    0.010 MiB
[ 141/ 601] blk.7.post_norm.weight               - [  2560,      1,      1,      1], type =    f32, size =    0.010 MiB
[ 142/ 601] blk.7.proj.weight                    - [   256,   2560,      1,      1], type =   bf16, converting to q2_K .. size =     1.25 MiB ->     0.21 MiB
[ 143/ 601] blk.8.attn_k.weight                  - [  2560,    512,      1,      1], type =   bf16, converting to q2_K .. size =     2.50 MiB ->     0.41 MiB
[ 144/ 601] blk.8.attn_k_norm.weight             - [   256,      1,      1,      1], type =    f32, size =    0.001 MiB
[ 145/ 601] blk.8.attn_norm.weight               - [  2560,      1,      1,      1], type =    f32, size =    0.010 MiB
[ 146/ 601] blk.8.attn_output.weight             - [  2048,   2560,      1,      1], type =   bf16, converting to q3_K .. size =    10.00 MiB ->     2.15 MiB
[ 147/ 601] blk.8.attn_q.weight                  - [  2560,   2048,      1,      1], type =   bf16, converting to q2_K .. size =    10.00 MiB ->     1.64 MiB
[ 148/ 601] blk.8.attn_q_norm.weight             - [   256,      1,      1,      1], type =    f32, size =    0.001 MiB
[ 149/ 601] blk.8.attn_v.weight                  - [  2560,    512,      1,      1], type =   bf16, converting to q4_K .. size =     2.50 MiB ->     0.70 MiB
[ 150/ 601] blk.8.ffn_down.weight                - [ 10240,   2560,      1,      1], type =   bf16, converting to q3_K .. size =    50.00 MiB ->    10.74 MiB
[ 151/ 601] blk.8.ffn_gate.weight                - [  2560,  10240,      1,      1], type =   bf16, converting to q2_K .. size =    50.00 MiB ->     8.20 MiB
[ 152/ 601] blk.8.ffn_norm.weight                - [  2560,      1,      1,      1], type =    f32, size =    0.010 MiB
[ 153/ 601] blk.8.ffn_up.weight                  - [  2560,  10240,      1,      1], type =   bf16, converting to q2_K .. size =    50.00 MiB ->     8.20 MiB
[ 154/ 601] blk.8.inp_gate.weight                - [  2560,    256,      1,      1], type =   bf16, converting to q2_K .. size =     1.25 MiB ->     0.21 MiB
[ 155/ 601] blk.8.layer_output_scale.weight      - [     1,      1,      1,      1], type =    f32, size =    0.000 MiB
[ 156/ 601] blk.8.post_attention_norm.weight     - [  2560,      1,      1,      1], type =    f32, size =    0.010 MiB
[ 157/ 601] blk.8.post_ffw_norm.weight           - [  2560,      1,      1,      1], type =    f32, size =    0.010 MiB
[ 158/ 601] blk.8.post_norm.weight               - [  2560,      1,      1,      1], type =    f32, size =    0.010 MiB
[ 159/ 601] blk.8.proj.weight                    - [   256,   2560,      1,      1], type =   bf16, converting to q2_K .. size =     1.25 MiB ->     0.21 MiB
[ 160/ 601] blk.9.attn_k.weight                  - [  2560,    512,      1,      1], type =   bf16, converting to q2_K .. size =     2.50 MiB ->     0.41 MiB
[ 161/ 601] blk.9.attn_k_norm.weight             - [   256,      1,      1,      1], type =    f32, size =    0.001 MiB
[ 162/ 601] blk.9.attn_norm.weight               - [  2560,      1,      1,      1], type =    f32, size =    0.010 MiB
[ 163/ 601] blk.9.attn_output.weight             - [  2048,   2560,      1,      1], type =   bf16, converting to q3_K .. size =    10.00 MiB ->     2.15 MiB
[ 164/ 601] blk.9.attn_q.weight                  - [  2560,   2048,      1,      1], type =   bf16, converting to q2_K .. size =    10.00 MiB ->     1.64 MiB
[ 165/ 601] blk.9.attn_q_norm.weight             - [   256,      1,      1,      1], type =    f32, size =    0.001 MiB
[ 166/ 601] blk.9.attn_v.weight                  - [  2560,    512,      1,      1], type =   bf16, converting to q4_K .. size =     2.50 MiB ->     0.70 MiB
[ 167/ 601] blk.9.ffn_down.weight                - [ 10240,   2560,      1,      1], type =   bf16, converting to q3_K .. size =    50.00 MiB ->    10.74 MiB
[ 168/ 601] blk.9.ffn_gate.weight                - [  2560,  10240,      1,      1], type =   bf16, converting to q2_K .. size =    50.00 MiB ->     8.20 MiB
[ 169/ 601] blk.9.ffn_norm.weight                - [  2560,      1,      1,      1], type =    f32, size =    0.010 MiB
[ 170/ 601] blk.9.ffn_up.weight                  - [  2560,  10240,      1,      1], type =   bf16, converting to q2_K .. size =    50.00 MiB ->     8.20 MiB
[ 171/ 601] blk.9.inp_gate.weight                - [  2560,    256,      1,      1], type =   bf16, converting to q2_K .. size =     1.25 MiB ->     0.21 MiB
[ 172/ 601] blk.9.layer_output_scale.weight      - [     1,      1,      1,      1], type =    f32, size =    0.000 MiB
[ 173/ 601] blk.9.post_attention_norm.weight     - [  2560,      1,      1,      1], type =    f32, size =    0.010 MiB
[ 174/ 601] blk.9.post_ffw_norm.weight           - [  2560,      1,      1,      1], type =    f32, size =    0.010 MiB
[ 175/ 601] blk.9.post_norm.weight               - [  2560,      1,      1,      1], type =    f32, size =    0.010 MiB
[ 176/ 601] blk.9.proj.weight                    - [   256,   2560,      1,      1], type =   bf16, converting to q2_K .. size =     1.25 MiB ->     0.21 MiB
[ 177/ 601] blk.10.attn_k.weight                 - [  2560,    512,      1,      1], type =   bf16, converting to q2_K .. size =     2.50 MiB ->     0.41 MiB
[ 178/ 601] blk.10.attn_k_norm.weight            - [   256,      1,      1,      1], type =    f32, size =    0.001 MiB
[ 179/ 601] blk.10.attn_norm.weight              - [  2560,      1,      1,      1], type =    f32, size =    0.010 MiB
[ 180/ 601] blk.10.attn_output.weight            - [  2048,   2560,      1,      1], type =   bf16, converting to q3_K .. size =    10.00 MiB ->     2.15 MiB
[ 181/ 601] blk.10.attn_q.weight                 - [  2560,   2048,      1,      1], type =   bf16, converting to q2_K .. size =    10.00 MiB ->     1.64 MiB
[ 182/ 601] blk.10.attn_q_norm.weight            - [   256,      1,      1,      1], type =    f32, size =    0.001 MiB
[ 183/ 601] blk.10.attn_v.weight                 - [  2560,    512,      1,      1], type =   bf16, converting to q4_K .. size =     2.50 MiB ->     0.70 MiB
[ 184/ 601] blk.10.ffn_down.weight               - [ 10240,   2560,      1,      1], type =   bf16, converting to q3_K .. size =    50.00 MiB ->    10.74 MiB
[ 185/ 601] blk.10.ffn_gate.weight               - [  2560,  10240,      1,      1], type =   bf16, converting to q2_K .. size =    50.00 MiB ->     8.20 MiB
[ 186/ 601] blk.10.ffn_norm.weight               - [  2560,      1,      1,      1], type =    f32, size =    0.010 MiB
[ 187/ 601] blk.10.ffn_up.weight                 - [  2560,  10240,      1,      1], type =   bf16, converting to q2_K .. size =    50.00 MiB ->     8.20 MiB
[ 188/ 601] blk.10.inp_gate.weight               - [  2560,    256,      1,      1], type =   bf16, converting to q2_K .. size =     1.25 MiB ->     0.21 MiB
[ 189/ 601] blk.10.layer_output_scale.weight     - [     1,      1,      1,      1], type =    f32, size =    0.000 MiB
[ 190/ 601] blk.10.post_attention_norm.weight    - [  2560,      1,      1,      1], type =    f32, size =    0.010 MiB
[ 191/ 601] blk.10.post_ffw_norm.weight          - [  2560,      1,      1,      1], type =    f32, size =    0.010 MiB
[ 192/ 601] blk.10.post_norm.weight              - [  2560,      1,      1,      1], type =    f32, size =    0.010 MiB
[ 193/ 601] blk.10.proj.weight                   - [   256,   2560,      1,      1], type =   bf16, converting to q2_K .. size =     1.25 MiB ->     0.21 MiB
[ 194/ 601] blk.11.attn_k.weight                 - [  2560,    512,      1,      1], type =   bf16, converting to q2_K .. size =     2.50 MiB ->     0.41 MiB
[ 195/ 601] blk.11.attn_k_norm.weight            - [   256,      1,      1,      1], type =    f32, size =    0.001 MiB
[ 196/ 601] blk.11.attn_norm.weight              - [  2560,      1,      1,      1], type =    f32, size =    0.010 MiB
[ 197/ 601] blk.11.attn_output.weight            - [  2048,   2560,      1,      1], type =   bf16, converting to q3_K .. size =    10.00 MiB ->     2.15 MiB
[ 198/ 601] blk.11.attn_q.weight                 - [  2560,   2048,      1,      1], type =   bf16, converting to q2_K .. size =    10.00 MiB ->     1.64 MiB
[ 199/ 601] blk.11.attn_q_norm.weight            - [   256,      1,      1,      1], type =    f32, size =    0.001 MiB
[ 200/ 601] blk.11.attn_v.weight                 - [  2560,    512,      1,      1], type =   bf16, converting to q4_K .. size =     2.50 MiB ->     0.70 MiB
[ 201/ 601] blk.11.ffn_down.weight               - [ 10240,   2560,      1,      1], type =   bf16, converting to q3_K .. size =    50.00 MiB ->    10.74 MiB
[ 202/ 601] blk.11.ffn_gate.weight               - [  2560,  10240,      1,      1], type =   bf16, converting to q2_K .. size =    50.00 MiB ->     8.20 MiB
[ 203/ 601] blk.11.ffn_norm.weight               - [  2560,      1,      1,      1], type =    f32, size =    0.010 MiB
[ 204/ 601] blk.11.ffn_up.weight                 - [  2560,  10240,      1,      1], type =   bf16, converting to q2_K .. size =    50.00 MiB ->     8.20 MiB
[ 205/ 601] blk.11.inp_gate.weight               - [  2560,    256,      1,      1], type =   bf16, converting to q2_K .. size =     1.25 MiB ->     0.21 MiB
[ 206/ 601] blk.11.layer_output_scale.weight     - [     1,      1,      1,      1], type =    f32, size =    0.000 MiB
[ 207/ 601] blk.11.post_attention_norm.weight    - [  2560,      1,      1,      1], type =    f32, size =    0.010 MiB
[ 208/ 601] blk.11.post_ffw_norm.weight          - [  2560,      1,      1,      1], type =    f32, size =    0.010 MiB
[ 209/ 601] blk.11.post_norm.weight              - [  2560,      1,      1,      1], type =    f32, size =    0.010 MiB
[ 210/ 601] blk.11.proj.weight                   - [   256,   2560,      1,      1], type =   bf16, converting to q2_K .. size =     1.25 MiB ->     0.21 MiB
[ 211/ 601] blk.12.attn_k.weight                 - [  2560,    512,      1,      1], type =   bf16, converting to q2_K .. size =     2.50 MiB ->     0.41 MiB
[ 212/ 601] blk.12.attn_k_norm.weight            - [   256,      1,      1,      1], type =    f32, size =    0.001 MiB
[ 213/ 601] blk.12.attn_norm.weight              - [  2560,      1,      1,      1], type =    f32, size =    0.010 MiB
[ 214/ 601] blk.12.attn_output.weight            - [  2048,   2560,      1,      1], type =   bf16, converting to q3_K .. size =    10.00 MiB ->     2.15 MiB
[ 215/ 601] blk.12.attn_q.weight                 - [  2560,   2048,      1,      1], type =   bf16, converting to q2_K .. size =    10.00 MiB ->     1.64 MiB
[ 216/ 601] blk.12.attn_q_norm.weight            - [   256,      1,      1,      1], type =    f32, size =    0.001 MiB
[ 217/ 601] blk.12.attn_v.weight                 - [  2560,    512,      1,      1], type =   bf16, converting to q4_K .. size =     2.50 MiB ->     0.70 MiB
[ 218/ 601] blk.12.ffn_down.weight               - [ 10240,   2560,      1,      1], type =   bf16, converting to q3_K .. size =    50.00 MiB ->    10.74 MiB
[ 219/ 601] blk.12.ffn_gate.weight               - [  2560,  10240,      1,      1], type =   bf16, converting to q2_K .. size =    50.00 MiB ->     8.20 MiB
[ 220/ 601] blk.12.ffn_norm.weight               - [  2560,      1,      1,      1], type =    f32, size =    0.010 MiB
[ 221/ 601] blk.12.ffn_up.weight                 - [  2560,  10240,      1,      1], type =   bf16, converting to q2_K .. size =    50.00 MiB ->     8.20 MiB
[ 222/ 601] blk.12.inp_gate.weight               - [  2560,    256,      1,      1], type =   bf16, converting to q2_K .. size =     1.25 MiB ->     0.21 MiB
[ 223/ 601] blk.12.layer_output_scale.weight     - [     1,      1,      1,      1], type =    f32, size =    0.000 MiB
[ 224/ 601] blk.12.post_attention_norm.weight    - [  2560,      1,      1,      1], type =    f32, size =    0.010 MiB
[ 225/ 601] blk.12.post_ffw_norm.weight          - [  2560,      1,      1,      1], type =    f32, size =    0.010 MiB
[ 226/ 601] blk.12.post_norm.weight              - [  2560,      1,      1,      1], type =    f32, size =    0.010 MiB
[ 227/ 601] blk.12.proj.weight                   - [   256,   2560,      1,      1], type =   bf16, converting to q2_K .. size =     1.25 MiB ->     0.21 MiB
[ 228/ 601] blk.13.attn_k.weight                 - [  2560,    512,      1,      1], type =   bf16, converting to q2_K .. size =     2.50 MiB ->     0.41 MiB
[ 229/ 601] blk.13.attn_k_norm.weight            - [   256,      1,      1,      1], type =    f32, size =    0.001 MiB
[ 230/ 601] blk.13.attn_norm.weight              - [  2560,      1,      1,      1], type =    f32, size =    0.010 MiB
[ 231/ 601] blk.13.attn_output.weight            - [  2048,   2560,      1,      1], type =   bf16, converting to q3_K .. size =    10.00 MiB ->     2.15 MiB
[ 232/ 601] blk.13.attn_q.weight                 - [  2560,   2048,      1,      1], type =   bf16, converting to q2_K .. size =    10.00 MiB ->     1.64 MiB
[ 233/ 601] blk.13.attn_q_norm.weight            - [   256,      1,      1,      1], type =    f32, size =    0.001 MiB
[ 234/ 601] blk.13.attn_v.weight                 - [  2560,    512,      1,      1], type =   bf16, converting to q4_K .. size =     2.50 MiB ->     0.70 MiB
[ 235/ 601] blk.13.ffn_down.weight               - [ 10240,   2560,      1,      1], type =   bf16, converting to q3_K .. size =    50.00 MiB ->    10.74 MiB
[ 236/ 601] blk.13.ffn_gate.weight               - [  2560,  10240,      1,      1], type =   bf16, converting to q2_K .. size =    50.00 MiB ->     8.20 MiB
[ 237/ 601] blk.13.ffn_norm.weight               - [  2560,      1,      1,      1], type =    f32, size =    0.010 MiB
[ 238/ 601] blk.13.ffn_up.weight                 - [  2560,  10240,      1,      1], type =   bf16, converting to q2_K .. size =    50.00 MiB ->     8.20 MiB
[ 239/ 601] blk.13.inp_gate.weight               - [  2560,    256,      1,      1], type =   bf16, converting to q2_K .. size =     1.25 MiB ->     0.21 MiB
[ 240/ 601] blk.13.layer_output_scale.weight     - [     1,      1,      1,      1], type =    f32, size =    0.000 MiB
[ 241/ 601] blk.13.post_attention_norm.weight    - [  2560,      1,      1,      1], type =    f32, size =    0.010 MiB
[ 242/ 601] blk.13.post_ffw_norm.weight          - [  2560,      1,      1,      1], type =    f32, size =    0.010 MiB
[ 243/ 601] blk.13.post_norm.weight              - [  2560,      1,      1,      1], type =    f32, size =    0.010 MiB
[ 244/ 601] blk.13.proj.weight                   - [   256,   2560,      1,      1], type =   bf16, converting to q2_K .. size =     1.25 MiB ->     0.21 MiB
[ 245/ 601] blk.14.attn_k.weight                 - [  2560,    512,      1,      1], type =   bf16, converting to q2_K .. size =     2.50 MiB ->     0.41 MiB
[ 246/ 601] blk.14.attn_k_norm.weight            - [   256,      1,      1,      1], type =    f32, size =    0.001 MiB
[ 247/ 601] blk.14.attn_norm.weight              - [  2560,      1,      1,      1], type =    f32, size =    0.010 MiB
[ 248/ 601] blk.14.attn_output.weight            - [  2048,   2560,      1,      1], type =   bf16, converting to q3_K .. size =    10.00 MiB ->     2.15 MiB
[ 249/ 601] blk.14.attn_q.weight                 - [  2560,   2048,      1,      1], type =   bf16, converting to q2_K .. size =    10.00 MiB ->     1.64 MiB
[ 250/ 601] blk.14.attn_q_norm.weight            - [   256,      1,      1,      1], type =    f32, size =    0.001 MiB
[ 251/ 601] blk.14.attn_v.weight                 - [  2560,    512,      1,      1], type =   bf16, converting to q4_K .. size =     2.50 MiB ->     0.70 MiB
[ 252/ 601] blk.14.ffn_down.weight               - [ 10240,   2560,      1,      1], type =   bf16, converting to q3_K .. size =    50.00 MiB ->    10.74 MiB
[ 253/ 601] blk.14.ffn_gate.weight               - [  2560,  10240,      1,      1], type =   bf16, converting to q2_K .. size =    50.00 MiB ->     8.20 MiB
[ 254/ 601] blk.14.ffn_norm.weight               - [  2560,      1,      1,      1], type =    f32, size =    0.010 MiB
[ 255/ 601] blk.14.ffn_up.weight                 - [  2560,  10240,      1,      1], type =   bf16, converting to q2_K .. size =    50.00 MiB ->     8.20 MiB
[ 256/ 601] blk.14.inp_gate.weight               - [  2560,    256,      1,      1], type =   bf16, converting to q2_K .. size =     1.25 MiB ->     0.21 MiB
[ 257/ 601] blk.14.layer_output_scale.weight     - [     1,      1,      1,      1], type =    f32, size =    0.000 MiB
[ 258/ 601] blk.14.post_attention_norm.weight    - [  2560,      1,      1,      1], type =    f32, size =    0.010 MiB
[ 259/ 601] blk.14.post_ffw_norm.weight          - [  2560,      1,      1,      1], type =    f32, size =    0.010 MiB
[ 260/ 601] blk.14.post_norm.weight              - [  2560,      1,      1,      1], type =    f32, size =    0.010 MiB
[ 261/ 601] blk.14.proj.weight                   - [   256,   2560,      1,      1], type =   bf16, converting to q2_K .. size =     1.25 MiB ->     0.21 MiB
[ 262/ 601] blk.15.attn_k.weight                 - [  2560,    512,      1,      1], type =   bf16, converting to q2_K .. size =     2.50 MiB ->     0.41 MiB
[ 263/ 601] blk.15.attn_k_norm.weight            - [   256,      1,      1,      1], type =    f32, size =    0.001 MiB
[ 264/ 601] blk.15.attn_norm.weight              - [  2560,      1,      1,      1], type =    f32, size =    0.010 MiB
[ 265/ 601] blk.15.attn_output.weight            - [  2048,   2560,      1,      1], type =   bf16, converting to q3_K .. size =    10.00 MiB ->     2.15 MiB
[ 266/ 601] blk.15.attn_q.weight                 - [  2560,   2048,      1,      1], type =   bf16, converting to q2_K .. size =    10.00 MiB ->     1.64 MiB
[ 267/ 601] blk.15.attn_q_norm.weight            - [   256,      1,      1,      1], type =    f32, size =    0.001 MiB
[ 268/ 601] blk.15.attn_v.weight                 - [  2560,    512,      1,      1], type =   bf16, converting to q4_K .. size =     2.50 MiB ->     0.70 MiB
[ 269/ 601] blk.15.ffn_down.weight               - [ 10240,   2560,      1,      1], type =   bf16, converting to q3_K .. size =    50.00 MiB ->    10.74 MiB
[ 270/ 601] blk.15.ffn_gate.weight               - [  2560,  10240,      1,      1], type =   bf16, converting to q2_K .. size =    50.00 MiB ->     8.20 MiB
[ 271/ 601] blk.15.ffn_norm.weight               - [  2560,      1,      1,      1], type =    f32, size =    0.010 MiB
[ 272/ 601] blk.15.ffn_up.weight                 - [  2560,  10240,      1,      1], type =   bf16, converting to q2_K .. size =    50.00 MiB ->     8.20 MiB
[ 273/ 601] blk.15.inp_gate.weight               - [  2560,    256,      1,      1], type =   bf16, converting to q2_K .. size =     1.25 MiB ->     0.21 MiB
[ 274/ 601] blk.15.layer_output_scale.weight     - [     1,      1,      1,      1], type =    f32, size =    0.000 MiB
[ 275/ 601] blk.15.post_attention_norm.weight    - [  2560,      1,      1,      1], type =    f32, size =    0.010 MiB
[ 276/ 601] blk.15.post_ffw_norm.weight          - [  2560,      1,      1,      1], type =    f32, size =    0.010 MiB
[ 277/ 601] blk.15.post_norm.weight              - [  2560,      1,      1,      1], type =    f32, size =    0.010 MiB
[ 278/ 601] blk.15.proj.weight                   - [   256,   2560,      1,      1], type =   bf16, converting to q2_K .. size =     1.25 MiB ->     0.21 MiB
[ 279/ 601] blk.16.attn_k.weight                 - [  2560,    512,      1,      1], type =   bf16, converting to q2_K .. size =     2.50 MiB ->     0.41 MiB
[ 280/ 601] blk.16.attn_k_norm.weight            - [   256,      1,      1,      1], type =    f32, size =    0.001 MiB
[ 281/ 601] blk.16.attn_norm.weight              - [  2560,      1,      1,      1], type =    f32, size =    0.010 MiB
[ 282/ 601] blk.16.attn_output.weight            - [  2048,   2560,      1,      1], type =   bf16, converting to q3_K .. size =    10.00 MiB ->     2.15 MiB
[ 283/ 601] blk.16.attn_q.weight                 - [  2560,   2048,      1,      1], type =   bf16, converting to q2_K .. size =    10.00 MiB ->     1.64 MiB
[ 284/ 601] blk.16.attn_q_norm.weight            - [   256,      1,      1,      1], type =    f32, size =    0.001 MiB
[ 285/ 601] blk.16.attn_v.weight                 - [  2560,    512,      1,      1], type =   bf16, converting to q4_K .. size =     2.50 MiB ->     0.70 MiB
[ 286/ 601] blk.16.ffn_down.weight               - [ 10240,   2560,      1,      1], type =   bf16, converting to q3_K .. size =    50.00 MiB ->    10.74 MiB
[ 287/ 601] blk.16.ffn_gate.weight               - [  2560,  10240,      1,      1], type =   bf16, converting to q2_K .. size =    50.00 MiB ->     8.20 MiB
[ 288/ 601] blk.16.ffn_norm.weight               - [  2560,      1,      1,      1], type =    f32, size =    0.010 MiB
[ 289/ 601] blk.16.ffn_up.weight                 - [  2560,  10240,      1,      1], type =   bf16, converting to q2_K .. size =    50.00 MiB ->     8.20 MiB
[ 290/ 601] blk.16.inp_gate.weight               - [  2560,    256,      1,      1], type =   bf16, converting to q2_K .. size =     1.25 MiB ->     0.21 MiB
[ 291/ 601] blk.16.layer_output_scale.weight     - [     1,      1,      1,      1], type =    f32, size =    0.000 MiB
[ 292/ 601] blk.16.post_attention_norm.weight    - [  2560,      1,      1,      1], type =    f32, size =    0.010 MiB
[ 293/ 601] blk.16.post_ffw_norm.weight          - [  2560,      1,      1,      1], type =    f32, size =    0.010 MiB
[ 294/ 601] blk.16.post_norm.weight              - [  2560,      1,      1,      1], type =    f32, size =    0.010 MiB
[ 295/ 601] blk.16.proj.weight                   - [   256,   2560,      1,      1], type =   bf16, converting to q2_K .. size =     1.25 MiB ->     0.21 MiB
[ 296/ 601] blk.17.attn_k.weight                 - [  2560,    512,      1,      1], type =   bf16, converting to q2_K .. size =     2.50 MiB ->     0.41 MiB
[ 297/ 601] blk.17.attn_k_norm.weight            - [   256,      1,      1,      1], type =    f32, size =    0.001 MiB
[ 298/ 601] blk.17.attn_norm.weight              - [  2560,      1,      1,      1], type =    f32, size =    0.010 MiB
[ 299/ 601] blk.17.attn_output.weight            - [  2048,   2560,      1,      1], type =   bf16, converting to q3_K .. size =    10.00 MiB ->     2.15 MiB
[ 300/ 601] blk.17.attn_q.weight                 - [  2560,   2048,      1,      1], type =   bf16, converting to q2_K .. size =    10.00 MiB ->     1.64 MiB
[ 301/ 601] blk.17.attn_q_norm.weight            - [   256,      1,      1,      1], type =    f32, size =    0.001 MiB
[ 302/ 601] blk.17.attn_v.weight                 - [  2560,    512,      1,      1], type =   bf16, converting to q4_K .. size =     2.50 MiB ->     0.70 MiB
[ 303/ 601] blk.17.ffn_down.weight               - [ 10240,   2560,      1,      1], type =   bf16, converting to q3_K .. size =    50.00 MiB ->    10.74 MiB
[ 304/ 601] blk.17.ffn_gate.weight               - [  2560,  10240,      1,      1], type =   bf16, converting to q2_K .. size =    50.00 MiB ->     8.20 MiB
[ 305/ 601] blk.17.ffn_norm.weight               - [  2560,      1,      1,      1], type =    f32, size =    0.010 MiB
[ 306/ 601] blk.17.ffn_up.weight                 - [  2560,  10240,      1,      1], type =   bf16, converting to q2_K .. size =    50.00 MiB ->     8.20 MiB
[ 307/ 601] blk.17.inp_gate.weight               - [  2560,    256,      1,      1], type =   bf16, converting to q2_K .. size =     1.25 MiB ->     0.21 MiB
[ 308/ 601] blk.17.layer_output_scale.weight     - [     1,      1,      1,      1], type =    f32, size =    0.000 MiB
[ 309/ 601] blk.17.post_attention_norm.weight    - [  2560,      1,      1,      1], type =    f32, size =    0.010 MiB
[ 310/ 601] blk.17.post_ffw_norm.weight          - [  2560,      1,      1,      1], type =    f32, size =    0.010 MiB
[ 311/ 601] blk.17.post_norm.weight              - [  2560,      1,      1,      1], type =    f32, size =    0.010 MiB
[ 312/ 601] blk.17.proj.weight                   - [   256,   2560,      1,      1], type =   bf16, converting to q2_K .. size =     1.25 MiB ->     0.21 MiB
[ 313/ 601] blk.18.attn_k.weight                 - [  2560,    512,      1,      1], type =   bf16, converting to q2_K .. size =     2.50 MiB ->     0.41 MiB
[ 314/ 601] blk.18.attn_k_norm.weight            - [   256,      1,      1,      1], type =    f32, size =    0.001 MiB
[ 315/ 601] blk.18.attn_norm.weight              - [  2560,      1,      1,      1], type =    f32, size =    0.010 MiB
[ 316/ 601] blk.18.attn_output.weight            - [  2048,   2560,      1,      1], type =   bf16, converting to q3_K .. size =    10.00 MiB ->     2.15 MiB
[ 317/ 601] blk.18.attn_q.weight                 - [  2560,   2048,      1,      1], type =   bf16, converting to q2_K .. size =    10.00 MiB ->     1.64 MiB
[ 318/ 601] blk.18.attn_q_norm.weight            - [   256,      1,      1,      1], type =    f32, size =    0.001 MiB
[ 319/ 601] blk.18.attn_v.weight                 - [  2560,    512,      1,      1], type =   bf16, converting to q4_K .. size =     2.50 MiB ->     0.70 MiB
[ 320/ 601] blk.18.ffn_down.weight               - [ 10240,   2560,      1,      1], type =   bf16, converting to q3_K .. size =    50.00 MiB ->    10.74 MiB
[ 321/ 601] blk.18.ffn_gate.weight               - [  2560,  10240,      1,      1], type =   bf16, converting to q2_K .. size =    50.00 MiB ->     8.20 MiB
[ 322/ 601] blk.18.ffn_norm.weight               - [  2560,      1,      1,      1], type =    f32, size =    0.010 MiB
[ 323/ 601] blk.18.ffn_up.weight                 - [  2560,  10240,      1,      1], type =   bf16, converting to q2_K .. size =    50.00 MiB ->     8.20 MiB
[ 324/ 601] blk.18.inp_gate.weight               - [  2560,    256,      1,      1], type =   bf16, converting to q2_K .. size =     1.25 MiB ->     0.21 MiB
[ 325/ 601] blk.18.layer_output_scale.weight     - [     1,      1,      1,      1], type =    f32, size =    0.000 MiB
[ 326/ 601] blk.18.post_attention_norm.weight    - [  2560,      1,      1,      1], type =    f32, size =    0.010 MiB
[ 327/ 601] blk.18.post_ffw_norm.weight          - [  2560,      1,      1,      1], type =    f32, size =    0.010 MiB
[ 328/ 601] blk.18.post_norm.weight              - [  2560,      1,      1,      1], type =    f32, size =    0.010 MiB
[ 329/ 601] blk.18.proj.weight                   - [   256,   2560,      1,      1], type =   bf16, converting to q2_K .. size =     1.25 MiB ->     0.21 MiB
[ 330/ 601] blk.19.attn_k.weight                 - [  2560,    512,      1,      1], type =   bf16, converting to q2_K .. size =     2.50 MiB ->     0.41 MiB
[ 331/ 601] blk.19.attn_k_norm.weight            - [   256,      1,      1,      1], type =    f32, size =    0.001 MiB
[ 332/ 601] blk.19.attn_norm.weight              - [  2560,      1,      1,      1], type =    f32, size =    0.010 MiB
[ 333/ 601] blk.19.attn_output.weight            - [  2048,   2560,      1,      1], type =   bf16, converting to q3_K .. size =    10.00 MiB ->     2.15 MiB
[ 334/ 601] blk.19.attn_q.weight                 - [  2560,   2048,      1,      1], type =   bf16, converting to q2_K .. size =    10.00 MiB ->     1.64 MiB
[ 335/ 601] blk.19.attn_q_norm.weight            - [   256,      1,      1,      1], type =    f32, size =    0.001 MiB
[ 336/ 601] blk.19.attn_v.weight                 - [  2560,    512,      1,      1], type =   bf16, converting to q4_K .. size =     2.50 MiB ->     0.70 MiB
[ 337/ 601] blk.19.ffn_down.weight               - [ 10240,   2560,      1,      1], type =   bf16, converting to q3_K .. size =    50.00 MiB ->    10.74 MiB
[ 338/ 601] blk.19.ffn_gate.weight               - [  2560,  10240,      1,      1], type =   bf16, converting to q2_K .. size =    50.00 MiB ->     8.20 MiB
[ 339/ 601] blk.19.ffn_norm.weight               - [  2560,      1,      1,      1], type =    f32, size =    0.010 MiB
[ 340/ 601] blk.19.ffn_up.weight                 - [  2560,  10240,      1,      1], type =   bf16, converting to q2_K .. size =    50.00 MiB ->     8.20 MiB
[ 341/ 601] blk.19.inp_gate.weight               - [  2560,    256,      1,      1], type =   bf16, converting to q2_K .. size =     1.25 MiB ->     0.21 MiB
[ 342/ 601] blk.19.layer_output_scale.weight     - [     1,      1,      1,      1], type =    f32, size =    0.000 MiB
[ 343/ 601] blk.19.post_attention_norm.weight    - [  2560,      1,      1,      1], type =    f32, size =    0.010 MiB
[ 344/ 601] blk.19.post_ffw_norm.weight          - [  2560,      1,      1,      1], type =    f32, size =    0.010 MiB
[ 345/ 601] blk.19.post_norm.weight              - [  2560,      1,      1,      1], type =    f32, size =    0.010 MiB
[ 346/ 601] blk.19.proj.weight                   - [   256,   2560,      1,      1], type =   bf16, converting to q2_K .. size =     1.25 MiB ->     0.21 MiB
[ 347/ 601] blk.20.attn_k.weight                 - [  2560,    512,      1,      1], type =   bf16, converting to q2_K .. size =     2.50 MiB ->     0.41 MiB
[ 348/ 601] blk.20.attn_k_norm.weight            - [   256,      1,      1,      1], type =    f32, size =    0.001 MiB
[ 349/ 601] blk.20.attn_norm.weight              - [  2560,      1,      1,      1], type =    f32, size =    0.010 MiB
[ 350/ 601] blk.20.attn_output.weight            - [  2048,   2560,      1,      1], type =   bf16, converting to q3_K .. size =    10.00 MiB ->     2.15 MiB
[ 351/ 601] blk.20.attn_q.weight                 - [  2560,   2048,      1,      1], type =   bf16, converting to q2_K .. size =    10.00 MiB ->     1.64 MiB
[ 352/ 601] blk.20.attn_q_norm.weight            - [   256,      1,      1,      1], type =    f32, size =    0.001 MiB
[ 353/ 601] blk.20.attn_v.weight                 - [  2560,    512,      1,      1], type =   bf16, converting to q4_K .. size =     2.50 MiB ->     0.70 MiB
[ 354/ 601] blk.20.ffn_down.weight               - [ 10240,   2560,      1,      1], type =   bf16, converting to q3_K .. size =    50.00 MiB ->    10.74 MiB
[ 355/ 601] blk.20.ffn_gate.weight               - [  2560,  10240,      1,      1], type =   bf16, converting to q2_K .. size =    50.00 MiB ->     8.20 MiB
[ 356/ 601] blk.20.ffn_norm.weight               - [  2560,      1,      1,      1], type =    f32, size =    0.010 MiB
[ 357/ 601] blk.20.ffn_up.weight                 - [  2560,  10240,      1,      1], type =   bf16, converting to q2_K .. size =    50.00 MiB ->     8.20 MiB
[ 358/ 601] blk.20.inp_gate.weight               - [  2560,    256,      1,      1], type =   bf16, converting to q2_K .. size =     1.25 MiB ->     0.21 MiB
[ 359/ 601] blk.20.layer_output_scale.weight     - [     1,      1,      1,      1], type =    f32, size =    0.000 MiB
[ 360/ 601] blk.20.post_attention_norm.weight    - [  2560,      1,      1,      1], type =    f32, size =    0.010 MiB
[ 361/ 601] blk.20.post_ffw_norm.weight          - [  2560,      1,      1,      1], type =    f32, size =    0.010 MiB
[ 362/ 601] blk.20.post_norm.weight              - [  2560,      1,      1,      1], type =    f32, size =    0.010 MiB
[ 363/ 601] blk.20.proj.weight                   - [   256,   2560,      1,      1], type =   bf16, converting to q2_K .. size =     1.25 MiB ->     0.21 MiB
[ 364/ 601] blk.21.attn_k.weight                 - [  2560,    512,      1,      1], type =   bf16, converting to q2_K .. size =     2.50 MiB ->     0.41 MiB
[ 365/ 601] blk.21.attn_k_norm.weight            - [   256,      1,      1,      1], type =    f32, size =    0.001 MiB
[ 366/ 601] blk.21.attn_norm.weight              - [  2560,      1,      1,      1], type =    f32, size =    0.010 MiB
[ 367/ 601] blk.21.attn_output.weight            - [  2048,   2560,      1,      1], type =   bf16, converting to q3_K .. size =    10.00 MiB ->     2.15 MiB
[ 368/ 601] blk.21.attn_q.weight                 - [  2560,   2048,      1,      1], type =   bf16, converting to q2_K .. size =    10.00 MiB ->     1.64 MiB
[ 369/ 601] blk.21.attn_q_norm.weight            - [   256,      1,      1,      1], type =    f32, size =    0.001 MiB
[ 370/ 601] blk.21.attn_v.weight                 - [  2560,    512,      1,      1], type =   bf16, converting to q4_K .. size =     2.50 MiB ->     0.70 MiB
[ 371/ 601] blk.21.ffn_down.weight               - [ 10240,   2560,      1,      1], type =   bf16, converting to q3_K .. size =    50.00 MiB ->    10.74 MiB
[ 372/ 601] blk.21.ffn_gate.weight               - [  2560,  10240,      1,      1], type =   bf16, converting to q2_K .. size =    50.00 MiB ->     8.20 MiB
[ 373/ 601] blk.21.ffn_norm.weight               - [  2560,      1,      1,      1], type =    f32, size =    0.010 MiB
[ 374/ 601] blk.21.ffn_up.weight                 - [  2560,  10240,      1,      1], type =   bf16, converting to q2_K .. size =    50.00 MiB ->     8.20 MiB
[ 375/ 601] blk.21.inp_gate.weight               - [  2560,    256,      1,      1], type =   bf16, converting to q2_K .. size =     1.25 MiB ->     0.21 MiB
[ 376/ 601] blk.21.layer_output_scale.weight     - [     1,      1,      1,      1], type =    f32, size =    0.000 MiB
[ 377/ 601] blk.21.post_attention_norm.weight    - [  2560,      1,      1,      1], type =    f32, size =    0.010 MiB
[ 378/ 601] blk.21.post_ffw_norm.weight          - [  2560,      1,      1,      1], type =    f32, size =    0.010 MiB
[ 379/ 601] blk.21.post_norm.weight              - [  2560,      1,      1,      1], type =    f32, size =    0.010 MiB
[ 380/ 601] blk.21.proj.weight                   - [   256,   2560,      1,      1], type =   bf16, converting to q2_K .. size =     1.25 MiB ->     0.21 MiB
[ 381/ 601] blk.22.attn_k.weight                 - [  2560,    512,      1,      1], type =   bf16, converting to q2_K .. size =     2.50 MiB ->     0.41 MiB
[ 382/ 601] blk.22.attn_k_norm.weight            - [   256,      1,      1,      1], type =    f32, size =    0.001 MiB
[ 383/ 601] blk.22.attn_norm.weight              - [  2560,      1,      1,      1], type =    f32, size =    0.010 MiB
[ 384/ 601] blk.22.attn_output.weight            - [  2048,   2560,      1,      1], type =   bf16, converting to q3_K .. size =    10.00 MiB ->     2.15 MiB
[ 385/ 601] blk.22.attn_q.weight                 - [  2560,   2048,      1,      1], type =   bf16, converting to q2_K .. size =    10.00 MiB ->     1.64 MiB
[ 386/ 601] blk.22.attn_q_norm.weight            - [   256,      1,      1,      1], type =    f32, size =    0.001 MiB
[ 387/ 601] blk.22.attn_v.weight                 - [  2560,    512,      1,      1], type =   bf16, converting to q4_K .. size =     2.50 MiB ->     0.70 MiB
[ 388/ 601] blk.22.ffn_down.weight               - [ 10240,   2560,      1,      1], type =   bf16, converting to q3_K .. size =    50.00 MiB ->    10.74 MiB
[ 389/ 601] blk.22.ffn_gate.weight               - [  2560,  10240,      1,      1], type =   bf16, converting to q2_K .. size =    50.00 MiB ->     8.20 MiB
[ 390/ 601] blk.22.ffn_norm.weight               - [  2560,      1,      1,      1], type =    f32, size =    0.010 MiB
[ 391/ 601] blk.22.ffn_up.weight                 - [  2560,  10240,      1,      1], type =   bf16, converting to q2_K .. size =    50.00 MiB ->     8.20 MiB
[ 392/ 601] blk.22.inp_gate.weight               - [  2560,    256,      1,      1], type =   bf16, converting to q2_K .. size =     1.25 MiB ->     0.21 MiB
[ 393/ 601] blk.22.layer_output_scale.weight     - [     1,      1,      1,      1], type =    f32, size =    0.000 MiB
[ 394/ 601] blk.22.post_attention_norm.weight    - [  2560,      1,      1,      1], type =    f32, size =    0.010 MiB
[ 395/ 601] blk.22.post_ffw_norm.weight          - [  2560,      1,      1,      1], type =    f32, size =    0.010 MiB
[ 396/ 601] blk.22.post_norm.weight              - [  2560,      1,      1,      1], type =    f32, size =    0.010 MiB
[ 397/ 601] blk.22.proj.weight                   - [   256,   2560,      1,      1], type =   bf16, converting to q2_K .. size =     1.25 MiB ->     0.21 MiB
[ 398/ 601] blk.23.attn_k.weight                 - [  2560,    512,      1,      1], type =   bf16, converting to q2_K .. size =     2.50 MiB ->     0.41 MiB
[ 399/ 601] blk.23.attn_k_norm.weight            - [   256,      1,      1,      1], type =    f32, size =    0.001 MiB
[ 400/ 601] blk.23.attn_norm.weight              - [  2560,      1,      1,      1], type =    f32, size =    0.010 MiB
[ 401/ 601] blk.23.attn_output.weight            - [  2048,   2560,      1,      1], type =   bf16, converting to q3_K .. size =    10.00 MiB ->     2.15 MiB
[ 402/ 601] blk.23.attn_q.weight                 - [  2560,   2048,      1,      1], type =   bf16, converting to q2_K .. size =    10.00 MiB ->     1.64 MiB
[ 403/ 601] blk.23.attn_q_norm.weight            - [   256,      1,      1,      1], type =    f32, size =    0.001 MiB
[ 404/ 601] blk.23.attn_v.weight                 - [  2560,    512,      1,      1], type =   bf16, converting to q4_K .. size =     2.50 MiB ->     0.70 MiB
[ 405/ 601] blk.23.ffn_down.weight               - [ 10240,   2560,      1,      1], type =   bf16, converting to q3_K .. size =    50.00 MiB ->    10.74 MiB
[ 406/ 601] blk.23.ffn_gate.weight               - [  2560,  10240,      1,      1], type =   bf16, converting to q2_K .. size =    50.00 MiB ->     8.20 MiB
[ 407/ 601] blk.23.ffn_norm.weight               - [  2560,      1,      1,      1], type =    f32, size =    0.010 MiB
[ 408/ 601] blk.23.ffn_up.weight                 - [  2560,  10240,      1,      1], type =   bf16, converting to q2_K .. size =    50.00 MiB ->     8.20 MiB
[ 409/ 601] blk.23.inp_gate.weight               - [  2560,    256,      1,      1], type =   bf16, converting to q2_K .. size =     1.25 MiB ->     0.21 MiB
[ 410/ 601] blk.23.layer_output_scale.weight     - [     1,      1,      1,      1], type =    f32, size =    0.000 MiB
[ 411/ 601] blk.23.post_attention_norm.weight    - [  2560,      1,      1,      1], type =    f32, size =    0.010 MiB
[ 412/ 601] blk.23.post_ffw_norm.weight          - [  2560,      1,      1,      1], type =    f32, size =    0.010 MiB
[ 413/ 601] blk.23.post_norm.weight              - [  2560,      1,      1,      1], type =    f32, size =    0.010 MiB
[ 414/ 601] blk.23.proj.weight                   - [   256,   2560,      1,      1], type =   bf16, converting to q2_K .. size =     1.25 MiB ->     0.21 MiB
[ 415/ 601] blk.24.attn_k.weight                 - [  2560,    512,      1,      1], type =   bf16, converting to q2_K .. size =     2.50 MiB ->     0.41 MiB
[ 416/ 601] blk.24.attn_k_norm.weight            - [   256,      1,      1,      1], type =    f32, size =    0.001 MiB
[ 417/ 601] blk.24.attn_norm.weight              - [  2560,      1,      1,      1], type =    f32, size =    0.010 MiB
[ 418/ 601] blk.24.attn_output.weight            - [  2048,   2560,      1,      1], type =   bf16, converting to q3_K .. size =    10.00 MiB ->     2.15 MiB
[ 419/ 601] blk.24.attn_q.weight                 - [  2560,   2048,      1,      1], type =   bf16, converting to q2_K .. size =    10.00 MiB ->     1.64 MiB
[ 420/ 601] blk.24.attn_q_norm.weight            - [   256,      1,      1,      1], type =    f32, size =    0.001 MiB
[ 421/ 601] blk.24.attn_v.weight                 - [  2560,    512,      1,      1], type =   bf16, converting to q4_K .. size =     2.50 MiB ->     0.70 MiB
[ 422/ 601] blk.24.ffn_down.weight               - [ 10240,   2560,      1,      1], type =   bf16, converting to q3_K .. size =    50.00 MiB ->    10.74 MiB
[ 423/ 601] blk.24.ffn_gate.weight               - [  2560,  10240,      1,      1], type =   bf16, converting to q2_K .. size =    50.00 MiB ->     8.20 MiB
[ 424/ 601] blk.24.ffn_norm.weight               - [  2560,      1,      1,      1], type =    f32, size =    0.010 MiB
[ 425/ 601] blk.24.ffn_up.weight                 - [  2560,  10240,      1,      1], type =   bf16, converting to q2_K .. size =    50.00 MiB ->     8.20 MiB
[ 426/ 601] blk.24.inp_gate.weight               - [  2560,    256,      1,      1], type =   bf16, converting to q2_K .. size =     1.25 MiB ->     0.21 MiB
[ 427/ 601] blk.24.layer_output_scale.weight     - [     1,      1,      1,      1], type =    f32, size =    0.000 MiB
[ 428/ 601] blk.24.post_attention_norm.weight    - [  2560,      1,      1,      1], type =    f32, size =    0.010 MiB
[ 429/ 601] blk.24.post_ffw_norm.weight          - [  2560,      1,      1,      1], type =    f32, size =    0.010 MiB
[ 430/ 601] blk.24.post_norm.weight              - [  2560,      1,      1,      1], type =    f32, size =    0.010 MiB
[ 431/ 601] blk.24.proj.weight                   - [   256,   2560,      1,      1], type =   bf16, converting to q2_K .. size =     1.25 MiB ->     0.21 MiB
[ 432/ 601] blk.25.attn_k.weight                 - [  2560,    512,      1,      1], type =   bf16, converting to q2_K .. size =     2.50 MiB ->     0.41 MiB
[ 433/ 601] blk.25.attn_k_norm.weight            - [   256,      1,      1,      1], type =    f32, size =    0.001 MiB
[ 434/ 601] blk.25.attn_norm.weight              - [  2560,      1,      1,      1], type =    f32, size =    0.010 MiB
[ 435/ 601] blk.25.attn_output.weight            - [  2048,   2560,      1,      1], type =   bf16, converting to q3_K .. size =    10.00 MiB ->     2.15 MiB
[ 436/ 601] blk.25.attn_q.weight                 - [  2560,   2048,      1,      1], type =   bf16, converting to q2_K .. size =    10.00 MiB ->     1.64 MiB
[ 437/ 601] blk.25.attn_q_norm.weight            - [   256,      1,      1,      1], type =    f32, size =    0.001 MiB
[ 438/ 601] blk.25.attn_v.weight                 - [  2560,    512,      1,      1], type =   bf16, converting to q4_K .. size =     2.50 MiB ->     0.70 MiB
[ 439/ 601] blk.25.ffn_down.weight               - [ 10240,   2560,      1,      1], type =   bf16, converting to q3_K .. size =    50.00 MiB ->    10.74 MiB
[ 440/ 601] blk.25.ffn_gate.weight               - [  2560,  10240,      1,      1], type =   bf16, converting to q2_K .. size =    50.00 MiB ->     8.20 MiB
[ 441/ 601] blk.25.ffn_norm.weight               - [  2560,      1,      1,      1], type =    f32, size =    0.010 MiB
[ 442/ 601] blk.25.ffn_up.weight                 - [  2560,  10240,      1,      1], type =   bf16, converting to q2_K .. size =    50.00 MiB ->     8.20 MiB
[ 443/ 601] blk.25.inp_gate.weight               - [  2560,    256,      1,      1], type =   bf16, converting to q2_K .. size =     1.25 MiB ->     0.21 MiB
[ 444/ 601] blk.25.layer_output_scale.weight     - [     1,      1,      1,      1], type =    f32, size =    0.000 MiB
[ 445/ 601] blk.25.post_attention_norm.weight    - [  2560,      1,      1,      1], type =    f32, size =    0.010 MiB
[ 446/ 601] blk.25.post_ffw_norm.weight          - [  2560,      1,      1,      1], type =    f32, size =    0.010 MiB
[ 447/ 601] blk.25.post_norm.weight              - [  2560,      1,      1,      1], type =    f32, size =    0.010 MiB
[ 448/ 601] blk.25.proj.weight                   - [   256,   2560,      1,      1], type =   bf16, converting to q2_K .. size =     1.25 MiB ->     0.21 MiB
[ 449/ 601] blk.26.attn_k.weight                 - [  2560,    512,      1,      1], type =   bf16, converting to q2_K .. size =     2.50 MiB ->     0.41 MiB
[ 450/ 601] blk.26.attn_k_norm.weight            - [   256,      1,      1,      1], type =    f32, size =    0.001 MiB
[ 451/ 601] blk.26.attn_norm.weight              - [  2560,      1,      1,      1], type =    f32, size =    0.010 MiB
[ 452/ 601] blk.26.attn_output.weight            - [  2048,   2560,      1,      1], type =   bf16, converting to q3_K .. size =    10.00 MiB ->     2.15 MiB
[ 453/ 601] blk.26.attn_q.weight                 - [  2560,   2048,      1,      1], type =   bf16, converting to q2_K .. size =    10.00 MiB ->     1.64 MiB
[ 454/ 601] blk.26.attn_q_norm.weight            - [   256,      1,      1,      1], type =    f32, size =    0.001 MiB
[ 455/ 601] blk.26.attn_v.weight                 - [  2560,    512,      1,      1], type =   bf16, converting to q4_K .. size =     2.50 MiB ->     0.70 MiB
[ 456/ 601] blk.26.ffn_down.weight               - [ 10240,   2560,      1,      1], type =   bf16, converting to q3_K .. size =    50.00 MiB ->    10.74 MiB
[ 457/ 601] blk.26.ffn_gate.weight               - [  2560,  10240,      1,      1], type =   bf16, converting to q2_K .. size =    50.00 MiB ->     8.20 MiB
[ 458/ 601] blk.26.ffn_norm.weight               - [  2560,      1,      1,      1], type =    f32, size =    0.010 MiB
[ 459/ 601] blk.26.ffn_up.weight                 - [  2560,  10240,      1,      1], type =   bf16, converting to q2_K .. size =    50.00 MiB ->     8.20 MiB
[ 460/ 601] blk.26.inp_gate.weight               - [  2560,    256,      1,      1], type =   bf16, converting to q2_K .. size =     1.25 MiB ->     0.21 MiB
[ 461/ 601] blk.26.layer_output_scale.weight     - [     1,      1,      1,      1], type =    f32, size =    0.000 MiB
[ 462/ 601] blk.26.post_attention_norm.weight    - [  2560,      1,      1,      1], type =    f32, size =    0.010 MiB
[ 463/ 601] blk.26.post_ffw_norm.weight          - [  2560,      1,      1,      1], type =    f32, size =    0.010 MiB
[ 464/ 601] blk.26.post_norm.weight              - [  2560,      1,      1,      1], type =    f32, size =    0.010 MiB
[ 465/ 601] blk.26.proj.weight                   - [   256,   2560,      1,      1], type =   bf16, converting to q2_K .. size =     1.25 MiB ->     0.21 MiB
[ 466/ 601] blk.27.attn_k.weight                 - [  2560,    512,      1,      1], type =   bf16, converting to q2_K .. size =     2.50 MiB ->     0.41 MiB
[ 467/ 601] blk.27.attn_k_norm.weight            - [   256,      1,      1,      1], type =    f32, size =    0.001 MiB
[ 468/ 601] blk.27.attn_norm.weight              - [  2560,      1,      1,      1], type =    f32, size =    0.010 MiB
[ 469/ 601] blk.27.attn_output.weight            - [  2048,   2560,      1,      1], type =   bf16, converting to q3_K .. size =    10.00 MiB ->     2.15 MiB
[ 470/ 601] blk.27.attn_q.weight                 - [  2560,   2048,      1,      1], type =   bf16, converting to q2_K .. size =    10.00 MiB ->     1.64 MiB
[ 471/ 601] blk.27.attn_q_norm.weight            - [   256,      1,      1,      1], type =    f32, size =    0.001 MiB
[ 472/ 601] blk.27.attn_v.weight                 - [  2560,    512,      1,      1], type =   bf16, converting to q4_K .. size =     2.50 MiB ->     0.70 MiB
[ 473/ 601] blk.27.ffn_down.weight               - [ 10240,   2560,      1,      1], type =   bf16, converting to q3_K .. size =    50.00 MiB ->    10.74 MiB
[ 474/ 601] blk.27.ffn_gate.weight               - [  2560,  10240,      1,      1], type =   bf16, converting to q2_K .. size =    50.00 MiB ->     8.20 MiB
[ 475/ 601] blk.27.ffn_norm.weight               - [  2560,      1,      1,      1], type =    f32, size =    0.010 MiB
[ 476/ 601] blk.27.ffn_up.weight                 - [  2560,  10240,      1,      1], type =   bf16, converting to q2_K .. size =    50.00 MiB ->     8.20 MiB
[ 477/ 601] blk.27.inp_gate.weight               - [  2560,    256,      1,      1], type =   bf16, converting to q2_K .. size =     1.25 MiB ->     0.21 MiB
[ 478/ 601] blk.27.layer_output_scale.weight     - [     1,      1,      1,      1], type =    f32, size =    0.000 MiB
[ 479/ 601] blk.27.post_attention_norm.weight    - [  2560,      1,      1,      1], type =    f32, size =    0.010 MiB
[ 480/ 601] blk.27.post_ffw_norm.weight          - [  2560,      1,      1,      1], type =    f32, size =    0.010 MiB
[ 481/ 601] blk.27.post_norm.weight              - [  2560,      1,      1,      1], type =    f32, size =    0.010 MiB
[ 482/ 601] blk.27.proj.weight                   - [   256,   2560,      1,      1], type =   bf16, converting to q2_K .. size =     1.25 MiB ->     0.21 MiB
[ 483/ 601] blk.28.attn_k.weight                 - [  2560,    512,      1,      1], type =   bf16, converting to q2_K .. size =     2.50 MiB ->     0.41 MiB
[ 484/ 601] blk.28.attn_k_norm.weight            - [   256,      1,      1,      1], type =    f32, size =    0.001 MiB
[ 485/ 601] blk.28.attn_norm.weight              - [  2560,      1,      1,      1], type =    f32, size =    0.010 MiB
[ 486/ 601] blk.28.attn_output.weight            - [  2048,   2560,      1,      1], type =   bf16, converting to q3_K .. size =    10.00 MiB ->     2.15 MiB
[ 487/ 601] blk.28.attn_q.weight                 - [  2560,   2048,      1,      1], type =   bf16, converting to q2_K .. size =    10.00 MiB ->     1.64 MiB
[ 488/ 601] blk.28.attn_q_norm.weight            - [   256,      1,      1,      1], type =    f32, size =    0.001 MiB
[ 489/ 601] blk.28.attn_v.weight                 - [  2560,    512,      1,      1], type =   bf16, converting to q4_K .. size =     2.50 MiB ->     0.70 MiB
[ 490/ 601] blk.28.ffn_down.weight               - [ 10240,   2560,      1,      1], type =   bf16, converting to q3_K .. size =    50.00 MiB ->    10.74 MiB
[ 491/ 601] blk.28.ffn_gate.weight               - [  2560,  10240,      1,      1], type =   bf16, converting to q2_K .. size =    50.00 MiB ->     8.20 MiB
[ 492/ 601] blk.28.ffn_norm.weight               - [  2560,      1,      1,      1], type =    f32, size =    0.010 MiB
[ 493/ 601] blk.28.ffn_up.weight                 - [  2560,  10240,      1,      1], type =   bf16, converting to q2_K .. size =    50.00 MiB ->     8.20 MiB
[ 494/ 601] blk.28.inp_gate.weight               - [  2560,    256,      1,      1], type =   bf16, converting to q2_K .. size =     1.25 MiB ->     0.21 MiB
[ 495/ 601] blk.28.layer_output_scale.weight     - [     1,      1,      1,      1], type =    f32, size =    0.000 MiB
[ 496/ 601] blk.28.post_attention_norm.weight    - [  2560,      1,      1,      1], type =    f32, size =    0.010 MiB
[ 497/ 601] blk.28.post_ffw_norm.weight          - [  2560,      1,      1,      1], type =    f32, size =    0.010 MiB
[ 498/ 601] blk.28.post_norm.weight              - [  2560,      1,      1,      1], type =    f32, size =    0.010 MiB
[ 499/ 601] blk.28.proj.weight                   - [   256,   2560,      1,      1], type =   bf16, converting to q2_K .. size =     1.25 MiB ->     0.21 MiB
[ 500/ 601] blk.29.attn_k.weight                 - [  2560,    512,      1,      1], type =   bf16, converting to q2_K .. size =     2.50 MiB ->     0.41 MiB
[ 501/ 601] blk.29.attn_k_norm.weight            - [   256,      1,      1,      1], type =    f32, size =    0.001 MiB
[ 502/ 601] blk.29.attn_norm.weight              - [  2560,      1,      1,      1], type =    f32, size =    0.010 MiB
[ 503/ 601] blk.29.attn_output.weight            - [  2048,   2560,      1,      1], type =   bf16, converting to q3_K .. size =    10.00 MiB ->     2.15 MiB
[ 504/ 601] blk.29.attn_q.weight                 - [  2560,   2048,      1,      1], type =   bf16, converting to q2_K .. size =    10.00 MiB ->     1.64 MiB
[ 505/ 601] blk.29.attn_q_norm.weight            - [   256,      1,      1,      1], type =    f32, size =    0.001 MiB
[ 506/ 601] blk.29.attn_v.weight                 - [  2560,    512,      1,      1], type =   bf16, converting to q4_K .. size =     2.50 MiB ->     0.70 MiB
[ 507/ 601] blk.29.ffn_down.weight               - [ 10240,   2560,      1,      1], type =   bf16, converting to q3_K .. size =    50.00 MiB ->    10.74 MiB
[ 508/ 601] blk.29.ffn_gate.weight               - [  2560,  10240,      1,      1], type =   bf16, converting to q2_K .. size =    50.00 MiB ->     8.20 MiB
[ 509/ 601] blk.29.ffn_norm.weight               - [  2560,      1,      1,      1], type =    f32, size =    0.010 MiB
[ 510/ 601] blk.29.ffn_up.weight                 - [  2560,  10240,      1,      1], type =   bf16, converting to q2_K .. size =    50.00 MiB ->     8.20 MiB
[ 511/ 601] blk.29.inp_gate.weight               - [  2560,    256,      1,      1], type =   bf16, converting to q2_K .. size =     1.25 MiB ->     0.21 MiB
[ 512/ 601] blk.29.layer_output_scale.weight     - [     1,      1,      1,      1], type =    f32, size =    0.000 MiB
[ 513/ 601] blk.29.post_attention_norm.weight    - [  2560,      1,      1,      1], type =    f32, size =    0.010 MiB
[ 514/ 601] blk.29.post_ffw_norm.weight          - [  2560,      1,      1,      1], type =    f32, size =    0.010 MiB
[ 515/ 601] blk.29.post_norm.weight              - [  2560,      1,      1,      1], type =    f32, size =    0.010 MiB
[ 516/ 601] blk.29.proj.weight                   - [   256,   2560,      1,      1], type =   bf16, converting to q2_K .. size =     1.25 MiB ->     0.21 MiB
[ 517/ 601] blk.30.attn_k.weight                 - [  2560,    512,      1,      1], type =   bf16, converting to q2_K .. size =     2.50 MiB ->     0.41 MiB
[ 518/ 601] blk.30.attn_k_norm.weight            - [   256,      1,      1,      1], type =    f32, size =    0.001 MiB
[ 519/ 601] blk.30.attn_norm.weight              - [  2560,      1,      1,      1], type =    f32, size =    0.010 MiB
[ 520/ 601] blk.30.attn_output.weight            - [  2048,   2560,      1,      1], type =   bf16, converting to q3_K .. size =    10.00 MiB ->     2.15 MiB
[ 521/ 601] blk.30.attn_q.weight                 - [  2560,   2048,      1,      1], type =   bf16, converting to q2_K .. size =    10.00 MiB ->     1.64 MiB
[ 522/ 601] blk.30.attn_q_norm.weight            - [   256,      1,      1,      1], type =    f32, size =    0.001 MiB
[ 523/ 601] blk.30.attn_v.weight                 - [  2560,    512,      1,      1], type =   bf16, converting to q4_K .. size =     2.50 MiB ->     0.70 MiB
[ 524/ 601] blk.30.ffn_down.weight               - [ 10240,   2560,      1,      1], type =   bf16, converting to q3_K .. size =    50.00 MiB ->    10.74 MiB
[ 525/ 601] blk.30.ffn_gate.weight               - [  2560,  10240,      1,      1], type =   bf16, converting to q2_K .. size =    50.00 MiB ->     8.20 MiB
[ 526/ 601] blk.30.ffn_norm.weight               - [  2560,      1,      1,      1], type =    f32, size =    0.010 MiB
[ 527/ 601] blk.30.ffn_up.weight                 - [  2560,  10240,      1,      1], type =   bf16, converting to q2_K .. size =    50.00 MiB ->     8.20 MiB
[ 528/ 601] blk.30.inp_gate.weight               - [  2560,    256,      1,      1], type =   bf16, converting to q2_K .. size =     1.25 MiB ->     0.21 MiB
[ 529/ 601] blk.30.layer_output_scale.weight     - [     1,      1,      1,      1], type =    f32, size =    0.000 MiB
[ 530/ 601] blk.30.post_attention_norm.weight    - [  2560,      1,      1,      1], type =    f32, size =    0.010 MiB
[ 531/ 601] blk.30.post_ffw_norm.weight          - [  2560,      1,      1,      1], type =    f32, size =    0.010 MiB
[ 532/ 601] blk.30.post_norm.weight              - [  2560,      1,      1,      1], type =    f32, size =    0.010 MiB
[ 533/ 601] blk.30.proj.weight                   - [   256,   2560,      1,      1], type =   bf16, converting to q2_K .. size =     1.25 MiB ->     0.21 MiB
[ 534/ 601] blk.31.attn_k.weight                 - [  2560,    512,      1,      1], type =   bf16, converting to q2_K .. size =     2.50 MiB ->     0.41 MiB
[ 535/ 601] blk.31.attn_k_norm.weight            - [   256,      1,      1,      1], type =    f32, size =    0.001 MiB
[ 536/ 601] blk.31.attn_norm.weight              - [  2560,      1,      1,      1], type =    f32, size =    0.010 MiB
[ 537/ 601] blk.31.attn_output.weight            - [  2048,   2560,      1,      1], type =   bf16, converting to q3_K .. size =    10.00 MiB ->     2.15 MiB
[ 538/ 601] blk.31.attn_q.weight                 - [  2560,   2048,      1,      1], type =   bf16, converting to q2_K .. size =    10.00 MiB ->     1.64 MiB
[ 539/ 601] blk.31.attn_q_norm.weight            - [   256,      1,      1,      1], type =    f32, size =    0.001 MiB
[ 540/ 601] blk.31.attn_v.weight                 - [  2560,    512,      1,      1], type =   bf16, converting to q4_K .. size =     2.50 MiB ->     0.70 MiB
[ 541/ 601] blk.31.ffn_down.weight               - [ 10240,   2560,      1,      1], type =   bf16, converting to q3_K .. size =    50.00 MiB ->    10.74 MiB
[ 542/ 601] blk.31.ffn_gate.weight               - [  2560,  10240,      1,      1], type =   bf16, converting to q2_K .. size =    50.00 MiB ->     8.20 MiB
[ 543/ 601] blk.31.ffn_norm.weight               - [  2560,      1,      1,      1], type =    f32, size =    0.010 MiB
[ 544/ 601] blk.31.ffn_up.weight                 - [  2560,  10240,      1,      1], type =   bf16, converting to q2_K .. size =    50.00 MiB ->     8.20 MiB
[ 545/ 601] blk.31.inp_gate.weight               - [  2560,    256,      1,      1], type =   bf16, converting to q2_K .. size =     1.25 MiB ->     0.21 MiB
[ 546/ 601] blk.31.layer_output_scale.weight     - [     1,      1,      1,      1], type =    f32, size =    0.000 MiB
[ 547/ 601] blk.31.post_attention_norm.weight    - [  2560,      1,      1,      1], type =    f32, size =    0.010 MiB
[ 548/ 601] blk.31.post_ffw_norm.weight          - [  2560,      1,      1,      1], type =    f32, size =    0.010 MiB
[ 549/ 601] blk.31.post_norm.weight              - [  2560,      1,      1,      1], type =    f32, size =    0.010 MiB
[ 550/ 601] blk.31.proj.weight                   - [   256,   2560,      1,      1], type =   bf16, converting to q2_K .. size =     1.25 MiB ->     0.21 MiB
[ 551/ 601] blk.32.attn_k.weight                 - [  2560,    512,      1,      1], type =   bf16, converting to q2_K .. size =     2.50 MiB ->     0.41 MiB
[ 552/ 601] blk.32.attn_k_norm.weight            - [   256,      1,      1,      1], type =    f32, size =    0.001 MiB
[ 553/ 601] blk.32.attn_norm.weight              - [  2560,      1,      1,      1], type =    f32, size =    0.010 MiB
[ 554/ 601] blk.32.attn_output.weight            - [  2048,   2560,      1,      1], type =   bf16, converting to q3_K .. size =    10.00 MiB ->     2.15 MiB
[ 555/ 601] blk.32.attn_q.weight                 - [  2560,   2048,      1,      1], type =   bf16, converting to q2_K .. size =    10.00 MiB ->     1.64 MiB
[ 556/ 601] blk.32.attn_q_norm.weight            - [   256,      1,      1,      1], type =    f32, size =    0.001 MiB
[ 557/ 601] blk.32.attn_v.weight                 - [  2560,    512,      1,      1], type =   bf16, converting to q4_K .. size =     2.50 MiB ->     0.70 MiB
[ 558/ 601] blk.32.ffn_down.weight               - [ 10240,   2560,      1,      1], type =   bf16, converting to q3_K .. size =    50.00 MiB ->    10.74 MiB
[ 559/ 601] blk.32.ffn_gate.weight               - [  2560,  10240,      1,      1], type =   bf16, converting to q2_K .. size =    50.00 MiB ->     8.20 MiB
[ 560/ 601] blk.32.ffn_norm.weight               - [  2560,      1,      1,      1], type =    f32, size =    0.010 MiB
[ 561/ 601] blk.32.ffn_up.weight                 - [  2560,  10240,      1,      1], type =   bf16, converting to q2_K .. size =    50.00 MiB ->     8.20 MiB
[ 562/ 601] blk.32.inp_gate.weight               - [  2560,    256,      1,      1], type =   bf16, converting to q2_K .. size =     1.25 MiB ->     0.21 MiB
[ 563/ 601] blk.32.layer_output_scale.weight     - [     1,      1,      1,      1], type =    f32, size =    0.000 MiB
[ 564/ 601] blk.32.post_attention_norm.weight    - [  2560,      1,      1,      1], type =    f32, size =    0.010 MiB
[ 565/ 601] blk.32.post_ffw_norm.weight          - [  2560,      1,      1,      1], type =    f32, size =    0.010 MiB
[ 566/ 601] blk.32.post_norm.weight              - [  2560,      1,      1,      1], type =    f32, size =    0.010 MiB
[ 567/ 601] blk.32.proj.weight                   - [   256,   2560,      1,      1], type =   bf16, converting to q2_K .. size =     1.25 MiB ->     0.21 MiB
[ 568/ 601] blk.33.attn_k.weight                 - [  2560,    512,      1,      1], type =   bf16, converting to q2_K .. size =     2.50 MiB ->     0.41 MiB
[ 569/ 601] blk.33.attn_k_norm.weight            - [   256,      1,      1,      1], type =    f32, size =    0.001 MiB
[ 570/ 601] blk.33.attn_norm.weight              - [  2560,      1,      1,      1], type =    f32, size =    0.010 MiB
[ 571/ 601] blk.33.attn_output.weight            - [  2048,   2560,      1,      1], type =   bf16, converting to q3_K .. size =    10.00 MiB ->     2.15 MiB
[ 572/ 601] blk.33.attn_q.weight                 - [  2560,   2048,      1,      1], type =   bf16, converting to q2_K .. size =    10.00 MiB ->     1.64 MiB
[ 573/ 601] blk.33.attn_q_norm.weight            - [   256,      1,      1,      1], type =    f32, size =    0.001 MiB
[ 574/ 601] blk.33.attn_v.weight                 - [  2560,    512,      1,      1], type =   bf16, converting to q4_K .. size =     2.50 MiB ->     0.70 MiB
[ 575/ 601] blk.33.ffn_down.weight               - [ 10240,   2560,      1,      1], type =   bf16, converting to q3_K .. size =    50.00 MiB ->    10.74 MiB
[ 576/ 601] blk.33.ffn_gate.weight               - [  2560,  10240,      1,      1], type =   bf16, converting to q2_K .. size =    50.00 MiB ->     8.20 MiB
[ 577/ 601] blk.33.ffn_norm.weight               - [  2560,      1,      1,      1], type =    f32, size =    0.010 MiB
[ 578/ 601] blk.33.ffn_up.weight                 - [  2560,  10240,      1,      1], type =   bf16, converting to q2_K .. size =    50.00 MiB ->     8.20 MiB
[ 579/ 601] blk.33.inp_gate.weight               - [  2560,    256,      1,      1], type =   bf16, converting to q2_K .. size =     1.25 MiB ->     0.21 MiB
[ 580/ 601] blk.33.layer_output_scale.weight     - [     1,      1,      1,      1], type =    f32, size =    0.000 MiB
[ 581/ 601] blk.33.post_attention_norm.weight    - [  2560,      1,      1,      1], type =    f32, size =    0.010 MiB
[ 582/ 601] blk.33.post_ffw_norm.weight          - [  2560,      1,      1,      1], type =    f32, size =    0.010 MiB
[ 583/ 601] blk.33.post_norm.weight              - [  2560,      1,      1,      1], type =    f32, size =    0.010 MiB
[ 584/ 601] blk.33.proj.weight                   - [   256,   2560,      1,      1], type =   bf16, converting to q2_K .. size =     1.25 MiB ->     0.21 MiB
[ 585/ 601] blk.34.attn_k.weight                 - [  2560,    512,      1,      1], type =   bf16, converting to q2_K .. size =     2.50 MiB ->     0.41 MiB
[ 586/ 601] blk.34.attn_k_norm.weight            - [   256,      1,      1,      1], type =    f32, size =    0.001 MiB
[ 587/ 601] blk.34.attn_norm.weight              - [  2560,      1,      1,      1], type =    f32, size =    0.010 MiB
[ 588/ 601] blk.34.attn_output.weight            - [  2048,   2560,      1,      1], type =   bf16, converting to q3_K .. size =    10.00 MiB ->     2.15 MiB
[ 589/ 601] blk.34.attn_q.weight                 - [  2560,   2048,      1,      1], type =   bf16, converting to q2_K .. size =    10.00 MiB ->     1.64 MiB
[ 590/ 601] blk.34.attn_q_norm.weight            - [   256,      1,      1,      1], type =    f32, size =    0.001 MiB
[ 591/ 601] blk.34.attn_v.weight                 - [  2560,    512,      1,      1], type =   bf16, converting to q4_K .. size =     2.50 MiB ->     0.70 MiB
[ 592/ 601] blk.34.ffn_down.weight               - [ 10240,   2560,      1,      1], type =   bf16, converting to q3_K .. size =    50.00 MiB ->    10.74 MiB
[ 593/ 601] blk.34.ffn_gate.weight               - [  2560,  10240,      1,      1], type =   bf16, converting to q2_K .. size =    50.00 MiB ->     8.20 MiB
[ 594/ 601] blk.34.ffn_norm.weight               - [  2560,      1,      1,      1], type =    f32, size =    0.010 MiB
[ 595/ 601] blk.34.ffn_up.weight                 - [  2560,  10240,      1,      1], type =   bf16, converting to q2_K .. size =    50.00 MiB ->     8.20 MiB
[ 596/ 601] blk.34.inp_gate.weight               - [  2560,    256,      1,      1], type =   bf16, converting to q2_K .. size =     1.25 MiB ->     0.21 MiB
[ 597/ 601] blk.34.layer_output_scale.weight     - [     1,      1,      1,      1], type =    f32, size =    0.000 MiB
[ 598/ 601] blk.34.post_attention_norm.weight    - [  2560,      1,      1,      1], type =    f32, size =    0.010 MiB
[ 599/ 601] blk.34.post_ffw_norm.weight          - [  2560,      1,      1,      1], type =    f32, size =    0.010 MiB
[ 600/ 601] blk.34.post_norm.weight              - [  2560,      1,      1,      1], type =    f32, size =    0.010 MiB
[ 601/ 601] blk.34.proj.weight                   - [   256,   2560,      1,      1], type =   bf16, converting to q2_K .. size =     1.25 MiB ->     0.21 MiB
llama_model_quantize_impl: model size  =  7722.66 MiB (16.00 BPW)
llama_model_quantize_impl: quant size  =  1782.91 MiB (3.69 BPW)

main: quantize time = 85582.41 ms
main:    total time = 85582.41 ms
