llama_print_build_info: build = 1 (44dbe8c)
llama_print_build_info: built with MSVC 19.44.35226.0 for x64
main: quantizing 'gemma4-e4b-swa-only-v5.gguf' to 'gemma4-e4b-swa-q2k-v5.gguf' as Q2_K
llama_model_loader: loaded meta data with 45 key-value pairs and 600 tensors from gemma4-e4b-swa-only-v5.gguf (version GGUF V3 (latest))
llama_model_loader: Dumping metadata keys/values. Note: KV overrides do not apply in this output.
llama_model_loader: - kv   0:                       general.architecture str              = gemma4
llama_model_loader: - kv   1:                               general.type str              = model
llama_model_loader: - kv   2:                     general.sampling.top_k i32              = 64
llama_model_loader: - kv   3:                     general.sampling.top_p f32              = 0.950000
llama_model_loader: - kv   4:                      general.sampling.temp f32              = 1.000000
llama_model_loader: - kv   5:                               general.name str              = Gemma 4 E4B It
llama_model_loader: - kv   6:                         general.size_label str              = 7.5B
llama_model_loader: - kv   7:                            general.license str              = apache-2.0
llama_model_loader: - kv   8:                       general.license.link str              = https://ai.google.dev/gemma/docs/gemm...
llama_model_loader: - kv   9:                               general.tags arr[str,1]       = ["any-to-any"]
llama_model_loader: - kv  10:                         gemma4.block_count u32              = 35
llama_model_loader: - kv  11:                      gemma4.context_length u32              = 131072
llama_model_loader: - kv  12:                    gemma4.embedding_length u32              = 2560
llama_model_loader: - kv  13:                 gemma4.feed_forward_length u32              = 10240
llama_model_loader: - kv  14:                gemma4.attention.head_count u32              = 8
llama_model_loader: - kv  15:             gemma4.attention.head_count_kv u32              = 2
llama_model_loader: - kv  16:                      gemma4.rope.freq_base f32              = 1000000.000000
llama_model_loader: - kv  17:                  gemma4.rope.freq_base_swa f32              = 10000.000000
llama_model_loader: - kv  18:    gemma4.attention.layer_norm_rms_epsilon f32              = 0.000001
llama_model_loader: - kv  19:                gemma4.attention.key_length u32              = 256
llama_model_loader: - kv  20:              gemma4.attention.value_length u32              = 256
llama_model_loader: - kv  21:                          general.file_type u32              = 32
llama_model_loader: - kv  22:             gemma4.final_logit_softcapping f32              = 30.000000
llama_model_loader: - kv  23:            gemma4.attention.sliding_window u32              = 512
llama_model_loader: - kv  24:          gemma4.attention.shared_kv_layers u32              = 0
llama_model_loader: - kv  25:    gemma4.embedding_length_per_layer_input u32              = 256
llama_model_loader: - kv  26:    gemma4.attention.sliding_window_pattern arr[bool,35]     = [true, true, true, true, true, true, ...
llama_model_loader: - kv  27:            gemma4.attention.key_length_swa u32              = 256
llama_model_loader: - kv  28:          gemma4.attention.value_length_swa u32              = 256
llama_model_loader: - kv  29:                gemma4.rope.dimension_count u32              = 256
llama_model_loader: - kv  30:            gemma4.rope.dimension_count_swa u32              = 256
llama_model_loader: - kv  31:               general.quantization_version u32              = 2
llama_model_loader: - kv  32:                       tokenizer.ggml.model str              = gemma4
llama_model_loader: - kv  33:                      tokenizer.ggml.tokens arr[str,262144]  = ["<pad>", "<eos>", "<bos>", "<unk>", ...
llama_model_loader: - kv  34:                      tokenizer.ggml.scores arr[f32,262144]  = [-1000.000000, -1000.000000, -1000.00...
llama_model_loader: - kv  35:                  tokenizer.ggml.token_type arr[i32,262144]  = [3, 3, 3, 3, 3, 1, 1, 1, 1, 1, 1, 1, ...
llama_model_loader: - kv  36:                      tokenizer.ggml.merges arr[str,514906]  = ["\n\n\n\n\n\n\n\n\n\n\n\n\n\n\n\n\n\n\n\n\n\n\n\n\n\n\n\n\n\n \n", ...
llama_model_loader: - kv  37:                tokenizer.ggml.bos_token_id u32              = 2
llama_model_loader: - kv  38:                tokenizer.ggml.eos_token_id u32              = 1
llama_model_loader: - kv  39:            tokenizer.ggml.unknown_token_id u32              = 3
llama_model_loader: - kv  40:            tokenizer.ggml.padding_token_id u32              = 0
llama_model_loader: - kv  41:               tokenizer.ggml.mask_token_id u32              = 4
llama_model_loader: - kv  42:            tokenizer.ggml.add_space_prefix bool             = false
llama_model_loader: - kv  43:               tokenizer.ggml.add_bos_token bool             = true
llama_model_loader: - kv  44:                    tokenizer.chat_template str              = {%- macro format_parameters(propertie...
llama_model_loader: - type  f32:  282 tensors
llama_model_loader: - type bf16:  318 tensors
[   1/ 600] output_norm.weight                   - [  2560,      1,      1,      1], type =    f32, size =    0.010 MiB
[   2/ 600] per_layer_model_proj.weight          - [  2560,   8960,      1,      1], type =   bf16, size =   43.750 MiB
[   3/ 600] per_layer_proj_norm.weight           - [   256,      1,      1,      1], type =    f32, size =    0.001 MiB
[   4/ 600] per_layer_token_embd.weight          - [  8960, 262144,      1,      1], type =   bf16, converting to q6_K .. size =  4480.00 MiB ->  1837.50 MiB
[   5/ 600] token_embd.weight                    - [  2560, 262144,      1,      1], type =   bf16, converting to q6_K .. size =  1280.00 MiB ->   525.00 MiB
[   6/ 600] blk.0.attn_k.weight                  - [  2560,    512,      1,      1], type =   bf16, converting to q2_K .. size =     2.50 MiB ->     0.41 MiB
[   7/ 600] blk.0.attn_k_norm.weight             - [   256,      1,      1,      1], type =    f32, size =    0.001 MiB
[   8/ 600] blk.0.attn_norm.weight               - [  2560,      1,      1,      1], type =    f32, size =    0.010 MiB
[   9/ 600] blk.0.attn_output.weight             - [  2048,   2560,      1,      1], type =   bf16, converting to q3_K .. size =    10.00 MiB ->     2.15 MiB
[  10/ 600] blk.0.attn_q.weight                  - [  2560,   2048,      1,      1], type =   bf16, converting to q2_K .. size =    10.00 MiB ->     1.64 MiB
[  11/ 600] blk.0.attn_q_norm.weight             - [   256,      1,      1,      1], type =    f32, size =    0.001 MiB
[  12/ 600] blk.0.attn_v.weight                  - [  2560,    512,      1,      1], type =   bf16, converting to q4_K .. size =     2.50 MiB ->     0.70 MiB
[  13/ 600] blk.0.ffn_down.weight                - [ 10240,   2560,      1,      1], type =   bf16, converting to q3_K .. size =    50.00 MiB ->    10.74 MiB
[  14/ 600] blk.0.ffn_gate.weight                - [  2560,  10240,      1,      1], type =   bf16, converting to q2_K .. size =    50.00 MiB ->     8.20 MiB
[  15/ 600] blk.0.ffn_norm.weight                - [  2560,      1,      1,      1], type =    f32, size =    0.010 MiB
[  16/ 600] blk.0.ffn_up.weight                  - [  2560,  10240,      1,      1], type =   bf16, converting to q2_K .. size =    50.00 MiB ->     8.20 MiB
[  17/ 600] blk.0.inp_gate.weight                - [  2560,    256,      1,      1], type =   bf16, converting to q2_K .. size =     1.25 MiB ->     0.21 MiB
[  18/ 600] blk.0.layer_output_scale.weight      - [     1,      1,      1,      1], type =    f32, size =    0.000 MiB
[  19/ 600] blk.0.post_attention_norm.weight     - [  2560,      1,      1,      1], type =    f32, size =    0.010 MiB
[  20/ 600] blk.0.post_ffw_norm.weight           - [  2560,      1,      1,      1], type =    f32, size =    0.010 MiB
[  21/ 600] blk.0.post_norm.weight               - [  2560,      1,      1,      1], type =    f32, size =    0.010 MiB
[  22/ 600] blk.0.proj.weight                    - [   256,   2560,      1,      1], type =   bf16, converting to q2_K .. size =     1.25 MiB ->     0.21 MiB
[  23/ 600] blk.1.attn_k.weight                  - [  2560,    512,      1,      1], type =   bf16, converting to q2_K .. size =     2.50 MiB ->     0.41 MiB
[  24/ 600] blk.1.attn_k_norm.weight             - [   256,      1,      1,      1], type =    f32, size =    0.001 MiB
[  25/ 600] blk.1.attn_norm.weight               - [  2560,      1,      1,      1], type =    f32, size =    0.010 MiB
[  26/ 600] blk.1.attn_output.weight             - [  2048,   2560,      1,      1], type =   bf16, converting to q3_K .. size =    10.00 MiB ->     2.15 MiB
[  27/ 600] blk.1.attn_q.weight                  - [  2560,   2048,      1,      1], type =   bf16, converting to q2_K .. size =    10.00 MiB ->     1.64 MiB
[  28/ 600] blk.1.attn_q_norm.weight             - [   256,      1,      1,      1], type =    f32, size =    0.001 MiB
[  29/ 600] blk.1.attn_v.weight                  - [  2560,    512,      1,      1], type =   bf16, converting to q4_K .. size =     2.50 MiB ->     0.70 MiB
[  30/ 600] blk.1.ffn_down.weight                - [ 10240,   2560,      1,      1], type =   bf16, converting to q3_K .. size =    50.00 MiB ->    10.74 MiB
[  31/ 600] blk.1.ffn_gate.weight                - [  2560,  10240,      1,      1], type =   bf16, converting to q2_K .. size =    50.00 MiB ->     8.20 MiB
[  32/ 600] blk.1.ffn_norm.weight                - [  2560,      1,      1,      1], type =    f32, size =    0.010 MiB
[  33/ 600] blk.1.ffn_up.weight                  - [  2560,  10240,      1,      1], type =   bf16, converting to q2_K .. size =    50.00 MiB ->     8.20 MiB
[  34/ 600] blk.1.inp_gate.weight                - [  2560,    256,      1,      1], type =   bf16, converting to q2_K .. size =     1.25 MiB ->     0.21 MiB
[  35/ 600] blk.1.layer_output_scale.weight      - [     1,      1,      1,      1], type =    f32, size =    0.000 MiB
[  36/ 600] blk.1.post_attention_norm.weight     - [  2560,      1,      1,      1], type =    f32, size =    0.010 MiB
[  37/ 600] blk.1.post_ffw_norm.weight           - [  2560,      1,      1,      1], type =    f32, size =    0.010 MiB
[  38/ 600] blk.1.post_norm.weight               - [  2560,      1,      1,      1], type =    f32, size =    0.010 MiB
[  39/ 600] blk.1.proj.weight                    - [   256,   2560,      1,      1], type =   bf16, converting to q2_K .. size =     1.25 MiB ->     0.21 MiB
[  40/ 600] blk.2.attn_k.weight                  - [  2560,    512,      1,      1], type =   bf16, converting to q2_K .. size =     2.50 MiB ->     0.41 MiB
[  41/ 600] blk.2.attn_k_norm.weight             - [   256,      1,      1,      1], type =    f32, size =    0.001 MiB
[  42/ 600] blk.2.attn_norm.weight               - [  2560,      1,      1,      1], type =    f32, size =    0.010 MiB
[  43/ 600] blk.2.attn_output.weight             - [  2048,   2560,      1,      1], type =   bf16, converting to q3_K .. size =    10.00 MiB ->     2.15 MiB
[  44/ 600] blk.2.attn_q.weight                  - [  2560,   2048,      1,      1], type =   bf16, converting to q2_K .. size =    10.00 MiB ->     1.64 MiB
[  45/ 600] blk.2.attn_q_norm.weight             - [   256,      1,      1,      1], type =    f32, size =    0.001 MiB
[  46/ 600] blk.2.attn_v.weight                  - [  2560,    512,      1,      1], type =   bf16, converting to q4_K .. size =     2.50 MiB ->     0.70 MiB
[  47/ 600] blk.2.ffn_down.weight                - [ 10240,   2560,      1,      1], type =   bf16, converting to q3_K .. size =    50.00 MiB ->    10.74 MiB
[  48/ 600] blk.2.ffn_gate.weight                - [  2560,  10240,      1,      1], type =   bf16, converting to q2_K .. size =    50.00 MiB ->     8.20 MiB
[  49/ 600] blk.2.ffn_norm.weight                - [  2560,      1,      1,      1], type =    f32, size =    0.010 MiB
[  50/ 600] blk.2.ffn_up.weight                  - [  2560,  10240,      1,      1], type =   bf16, converting to q2_K .. size =    50.00 MiB ->     8.20 MiB
[  51/ 600] blk.2.inp_gate.weight                - [  2560,    256,      1,      1], type =   bf16, converting to q2_K .. size =     1.25 MiB ->     0.21 MiB
[  52/ 600] blk.2.layer_output_scale.weight      - [     1,      1,      1,      1], type =    f32, size =    0.000 MiB
[  53/ 600] blk.2.post_attention_norm.weight     - [  2560,      1,      1,      1], type =    f32, size =    0.010 MiB
[  54/ 600] blk.2.post_ffw_norm.weight           - [  2560,      1,      1,      1], type =    f32, size =    0.010 MiB
[  55/ 600] blk.2.post_norm.weight               - [  2560,      1,      1,      1], type =    f32, size =    0.010 MiB
[  56/ 600] blk.2.proj.weight                    - [   256,   2560,      1,      1], type =   bf16, converting to q2_K .. size =     1.25 MiB ->     0.21 MiB
[  57/ 600] blk.3.attn_k.weight                  - [  2560,    512,      1,      1], type =   bf16, converting to q2_K .. size =     2.50 MiB ->     0.41 MiB
[  58/ 600] blk.3.attn_k_norm.weight             - [   256,      1,      1,      1], type =    f32, size =    0.001 MiB
[  59/ 600] blk.3.attn_norm.weight               - [  2560,      1,      1,      1], type =    f32, size =    0.010 MiB
[  60/ 600] blk.3.attn_output.weight             - [  2048,   2560,      1,      1], type =   bf16, converting to q3_K .. size =    10.00 MiB ->     2.15 MiB
[  61/ 600] blk.3.attn_q.weight                  - [  2560,   2048,      1,      1], type =   bf16, converting to q2_K .. size =    10.00 MiB ->     1.64 MiB
[  62/ 600] blk.3.attn_q_norm.weight             - [   256,      1,      1,      1], type =    f32, size =    0.001 MiB
[  63/ 600] blk.3.attn_v.weight                  - [  2560,    512,      1,      1], type =   bf16, converting to q4_K .. size =     2.50 MiB ->     0.70 MiB
[  64/ 600] blk.3.ffn_down.weight                - [ 10240,   2560,      1,      1], type =   bf16, converting to q3_K .. size =    50.00 MiB ->    10.74 MiB
[  65/ 600] blk.3.ffn_gate.weight                - [  2560,  10240,      1,      1], type =   bf16, converting to q2_K .. size =    50.00 MiB ->     8.20 MiB
[  66/ 600] blk.3.ffn_norm.weight                - [  2560,      1,      1,      1], type =    f32, size =    0.010 MiB
[  67/ 600] blk.3.ffn_up.weight                  - [  2560,  10240,      1,      1], type =   bf16, converting to q2_K .. size =    50.00 MiB ->     8.20 MiB
[  68/ 600] blk.3.inp_gate.weight                - [  2560,    256,      1,      1], type =   bf16, converting to q2_K .. size =     1.25 MiB ->     0.21 MiB
[  69/ 600] blk.3.layer_output_scale.weight      - [     1,      1,      1,      1], type =    f32, size =    0.000 MiB
[  70/ 600] blk.3.post_attention_norm.weight     - [  2560,      1,      1,      1], type =    f32, size =    0.010 MiB
[  71/ 600] blk.3.post_ffw_norm.weight           - [  2560,      1,      1,      1], type =    f32, size =    0.010 MiB
[  72/ 600] blk.3.post_norm.weight               - [  2560,      1,      1,      1], type =    f32, size =    0.010 MiB
[  73/ 600] blk.3.proj.weight                    - [   256,   2560,      1,      1], type =   bf16, converting to q2_K .. size =     1.25 MiB ->     0.21 MiB
[  74/ 600] blk.4.attn_k.weight                  - [  2560,    512,      1,      1], type =   bf16, converting to q2_K .. size =     2.50 MiB ->     0.41 MiB
[  75/ 600] blk.4.attn_k_norm.weight             - [   256,      1,      1,      1], type =    f32, size =    0.001 MiB
[  76/ 600] blk.4.attn_norm.weight               - [  2560,      1,      1,      1], type =    f32, size =    0.010 MiB
[  77/ 600] blk.4.attn_output.weight             - [  2048,   2560,      1,      1], type =   bf16, converting to q3_K .. size =    10.00 MiB ->     2.15 MiB
[  78/ 600] blk.4.attn_q.weight                  - [  2560,   2048,      1,      1], type =   bf16, converting to q2_K .. size =    10.00 MiB ->     1.64 MiB
[  79/ 600] blk.4.attn_q_norm.weight             - [   256,      1,      1,      1], type =    f32, size =    0.001 MiB
[  80/ 600] blk.4.attn_v.weight                  - [  2560,    512,      1,      1], type =   bf16, converting to q4_K .. size =     2.50 MiB ->     0.70 MiB
[  81/ 600] blk.4.ffn_down.weight                - [ 10240,   2560,      1,      1], type =   bf16, converting to q3_K .. size =    50.00 MiB ->    10.74 MiB
[  82/ 600] blk.4.ffn_gate.weight                - [  2560,  10240,      1,      1], type =   bf16, converting to q2_K .. size =    50.00 MiB ->     8.20 MiB
[  83/ 600] blk.4.ffn_norm.weight                - [  2560,      1,      1,      1], type =    f32, size =    0.010 MiB
[  84/ 600] blk.4.ffn_up.weight                  - [  2560,  10240,      1,      1], type =   bf16, converting to q2_K .. size =    50.00 MiB ->     8.20 MiB
[  85/ 600] blk.4.inp_gate.weight                - [  2560,    256,      1,      1], type =   bf16, converting to q2_K .. size =     1.25 MiB ->     0.21 MiB
[  86/ 600] blk.4.layer_output_scale.weight      - [     1,      1,      1,      1], type =    f32, size =    0.000 MiB
[  87/ 600] blk.4.post_attention_norm.weight     - [  2560,      1,      1,      1], type =    f32, size =    0.010 MiB
[  88/ 600] blk.4.post_ffw_norm.weight           - [  2560,      1,      1,      1], type =    f32, size =    0.010 MiB
[  89/ 600] blk.4.post_norm.weight               - [  2560,      1,      1,      1], type =    f32, size =    0.010 MiB
[  90/ 600] blk.4.proj.weight                    - [   256,   2560,      1,      1], type =   bf16, converting to q2_K .. size =     1.25 MiB ->     0.21 MiB
[  91/ 600] blk.5.attn_k.weight                  - [  2560,    512,      1,      1], type =   bf16, converting to q2_K .. size =     2.50 MiB ->     0.41 MiB
[  92/ 600] blk.5.attn_k_norm.weight             - [   256,      1,      1,      1], type =    f32, size =    0.001 MiB
[  93/ 600] blk.5.attn_norm.weight               - [  2560,      1,      1,      1], type =    f32, size =    0.010 MiB
[  94/ 600] blk.5.attn_output.weight             - [  2048,   2560,      1,      1], type =   bf16, converting to q3_K .. size =    10.00 MiB ->     2.15 MiB
[  95/ 600] blk.5.attn_q.weight                  - [  2560,   2048,      1,      1], type =   bf16, converting to q2_K .. size =    10.00 MiB ->     1.64 MiB
[  96/ 600] blk.5.attn_q_norm.weight             - [   256,      1,      1,      1], type =    f32, size =    0.001 MiB
[  97/ 600] blk.5.attn_v.weight                  - [  2560,    512,      1,      1], type =   bf16, converting to q4_K .. size =     2.50 MiB ->     0.70 MiB
[  98/ 600] blk.5.ffn_down.weight                - [ 10240,   2560,      1,      1], type =   bf16, converting to q3_K .. size =    50.00 MiB ->    10.74 MiB
[  99/ 600] blk.5.ffn_gate.weight                - [  2560,  10240,      1,      1], type =   bf16, converting to q2_K .. size =    50.00 MiB ->     8.20 MiB
[ 100/ 600] blk.5.ffn_norm.weight                - [  2560,      1,      1,      1], type =    f32, size =    0.010 MiB
[ 101/ 600] blk.5.ffn_up.weight                  - [  2560,  10240,      1,      1], type =   bf16, converting to q2_K .. size =    50.00 MiB ->     8.20 MiB
[ 102/ 600] blk.5.inp_gate.weight                - [  2560,    256,      1,      1], type =   bf16, converting to q2_K .. size =     1.25 MiB ->     0.21 MiB
[ 103/ 600] blk.5.layer_output_scale.weight      - [     1,      1,      1,      1], type =    f32, size =    0.000 MiB
[ 104/ 600] blk.5.post_attention_norm.weight     - [  2560,      1,      1,      1], type =    f32, size =    0.010 MiB
[ 105/ 600] blk.5.post_ffw_norm.weight           - [  2560,      1,      1,      1], type =    f32, size =    0.010 MiB
[ 106/ 600] blk.5.post_norm.weight               - [  2560,      1,      1,      1], type =    f32, size =    0.010 MiB
[ 107/ 600] blk.5.proj.weight                    - [   256,   2560,      1,      1], type =   bf16, converting to q2_K .. size =     1.25 MiB ->     0.21 MiB
[ 108/ 600] blk.6.attn_k.weight                  - [  2560,    512,      1,      1], type =   bf16, converting to q2_K .. size =     2.50 MiB ->     0.41 MiB
[ 109/ 600] blk.6.attn_k_norm.weight             - [   256,      1,      1,      1], type =    f32, size =    0.001 MiB
[ 110/ 600] blk.6.attn_norm.weight               - [  2560,      1,      1,      1], type =    f32, size =    0.010 MiB
[ 111/ 600] blk.6.attn_output.weight             - [  2048,   2560,      1,      1], type =   bf16, converting to q3_K .. size =    10.00 MiB ->     2.15 MiB
[ 112/ 600] blk.6.attn_q.weight                  - [  2560,   2048,      1,      1], type =   bf16, converting to q2_K .. size =    10.00 MiB ->     1.64 MiB
[ 113/ 600] blk.6.attn_q_norm.weight             - [   256,      1,      1,      1], type =    f32, size =    0.001 MiB
[ 114/ 600] blk.6.attn_v.weight                  - [  2560,    512,      1,      1], type =   bf16, converting to q4_K .. size =     2.50 MiB ->     0.70 MiB
[ 115/ 600] blk.6.ffn_down.weight                - [ 10240,   2560,      1,      1], type =   bf16, converting to q3_K .. size =    50.00 MiB ->    10.74 MiB
[ 116/ 600] blk.6.ffn_gate.weight                - [  2560,  10240,      1,      1], type =   bf16, converting to q2_K .. size =    50.00 MiB ->     8.20 MiB
[ 117/ 600] blk.6.ffn_norm.weight                - [  2560,      1,      1,      1], type =    f32, size =    0.010 MiB
[ 118/ 600] blk.6.ffn_up.weight                  - [  2560,  10240,      1,      1], type =   bf16, converting to q2_K .. size =    50.00 MiB ->     8.20 MiB
[ 119/ 600] blk.6.inp_gate.weight                - [  2560,    256,      1,      1], type =   bf16, converting to q2_K .. size =     1.25 MiB ->     0.21 MiB
[ 120/ 600] blk.6.layer_output_scale.weight      - [     1,      1,      1,      1], type =    f32, size =    0.000 MiB
[ 121/ 600] blk.6.post_attention_norm.weight     - [  2560,      1,      1,      1], type =    f32, size =    0.010 MiB
[ 122/ 600] blk.6.post_ffw_norm.weight           - [  2560,      1,      1,      1], type =    f32, size =    0.010 MiB
[ 123/ 600] blk.6.post_norm.weight               - [  2560,      1,      1,      1], type =    f32, size =    0.010 MiB
[ 124/ 600] blk.6.proj.weight                    - [   256,   2560,      1,      1], type =   bf16, converting to q2_K .. size =     1.25 MiB ->     0.21 MiB
[ 125/ 600] blk.7.attn_k.weight                  - [  2560,    512,      1,      1], type =   bf16, converting to q2_K .. size =     2.50 MiB ->     0.41 MiB
[ 126/ 600] blk.7.attn_k_norm.weight             - [   256,      1,      1,      1], type =    f32, size =    0.001 MiB
[ 127/ 600] blk.7.attn_norm.weight               - [  2560,      1,      1,      1], type =    f32, size =    0.010 MiB
[ 128/ 600] blk.7.attn_output.weight             - [  2048,   2560,      1,      1], type =   bf16, converting to q3_K .. size =    10.00 MiB ->     2.15 MiB
[ 129/ 600] blk.7.attn_q.weight                  - [  2560,   2048,      1,      1], type =   bf16, converting to q2_K .. size =    10.00 MiB ->     1.64 MiB
[ 130/ 600] blk.7.attn_q_norm.weight             - [   256,      1,      1,      1], type =    f32, size =    0.001 MiB
[ 131/ 600] blk.7.attn_v.weight                  - [  2560,    512,      1,      1], type =   bf16, converting to q4_K .. size =     2.50 MiB ->     0.70 MiB
[ 132/ 600] blk.7.ffn_down.weight                - [ 10240,   2560,      1,      1], type =   bf16, converting to q3_K .. size =    50.00 MiB ->    10.74 MiB
[ 133/ 600] blk.7.ffn_gate.weight                - [  2560,  10240,      1,      1], type =   bf16, converting to q2_K .. size =    50.00 MiB ->     8.20 MiB
[ 134/ 600] blk.7.ffn_norm.weight                - [  2560,      1,      1,      1], type =    f32, size =    0.010 MiB
[ 135/ 600] blk.7.ffn_up.weight                  - [  2560,  10240,      1,      1], type =   bf16, converting to q2_K .. size =    50.00 MiB ->     8.20 MiB
[ 136/ 600] blk.7.inp_gate.weight                - [  2560,    256,      1,      1], type =   bf16, converting to q2_K .. size =     1.25 MiB ->     0.21 MiB
[ 137/ 600] blk.7.layer_output_scale.weight      - [     1,      1,      1,      1], type =    f32, size =    0.000 MiB
[ 138/ 600] blk.7.post_attention_norm.weight     - [  2560,      1,      1,      1], type =    f32, size =    0.010 MiB
[ 139/ 600] blk.7.post_ffw_norm.weight           - [  2560,      1,      1,      1], type =    f32, size =    0.010 MiB
[ 140/ 600] blk.7.post_norm.weight               - [  2560,      1,      1,      1], type =    f32, size =    0.010 MiB
[ 141/ 600] blk.7.proj.weight                    - [   256,   2560,      1,      1], type =   bf16, converting to q2_K .. size =     1.25 MiB ->     0.21 MiB
[ 142/ 600] blk.8.attn_k.weight                  - [  2560,    512,      1,      1], type =   bf16, converting to q2_K .. size =     2.50 MiB ->     0.41 MiB
[ 143/ 600] blk.8.attn_k_norm.weight             - [   256,      1,      1,      1], type =    f32, size =    0.001 MiB
[ 144/ 600] blk.8.attn_norm.weight               - [  2560,      1,      1,      1], type =    f32, size =    0.010 MiB
[ 145/ 600] blk.8.attn_output.weight             - [  2048,   2560,      1,      1], type =   bf16, converting to q3_K .. size =    10.00 MiB ->     2.15 MiB
[ 146/ 600] blk.8.attn_q.weight                  - [  2560,   2048,      1,      1], type =   bf16, converting to q2_K .. size =    10.00 MiB ->     1.64 MiB
[ 147/ 600] blk.8.attn_q_norm.weight             - [   256,      1,      1,      1], type =    f32, size =    0.001 MiB
[ 148/ 600] blk.8.attn_v.weight                  - [  2560,    512,      1,      1], type =   bf16, converting to q4_K .. size =     2.50 MiB ->     0.70 MiB
[ 149/ 600] blk.8.ffn_down.weight                - [ 10240,   2560,      1,      1], type =   bf16, converting to q3_K .. size =    50.00 MiB ->    10.74 MiB
[ 150/ 600] blk.8.ffn_gate.weight                - [  2560,  10240,      1,      1], type =   bf16, converting to q2_K .. size =    50.00 MiB ->     8.20 MiB
[ 151/ 600] blk.8.ffn_norm.weight                - [  2560,      1,      1,      1], type =    f32, size =    0.010 MiB
[ 152/ 600] blk.8.ffn_up.weight                  - [  2560,  10240,      1,      1], type =   bf16, converting to q2_K .. size =    50.00 MiB ->     8.20 MiB
[ 153/ 600] blk.8.inp_gate.weight                - [  2560,    256,      1,      1], type =   bf16, converting to q2_K .. size =     1.25 MiB ->     0.21 MiB
[ 154/ 600] blk.8.layer_output_scale.weight      - [     1,      1,      1,      1], type =    f32, size =    0.000 MiB
[ 155/ 600] blk.8.post_attention_norm.weight     - [  2560,      1,      1,      1], type =    f32, size =    0.010 MiB
[ 156/ 600] blk.8.post_ffw_norm.weight           - [  2560,      1,      1,      1], type =    f32, size =    0.010 MiB
[ 157/ 600] blk.8.post_norm.weight               - [  2560,      1,      1,      1], type =    f32, size =    0.010 MiB
[ 158/ 600] blk.8.proj.weight                    - [   256,   2560,      1,      1], type =   bf16, converting to q2_K .. size =     1.25 MiB ->     0.21 MiB
[ 159/ 600] blk.9.attn_k.weight                  - [  2560,    512,      1,      1], type =   bf16, converting to q2_K .. size =     2.50 MiB ->     0.41 MiB
[ 160/ 600] blk.9.attn_k_norm.weight             - [   256,      1,      1,      1], type =    f32, size =    0.001 MiB
[ 161/ 600] blk.9.attn_norm.weight               - [  2560,      1,      1,      1], type =    f32, size =    0.010 MiB
[ 162/ 600] blk.9.attn_output.weight             - [  2048,   2560,      1,      1], type =   bf16, converting to q3_K .. size =    10.00 MiB ->     2.15 MiB
[ 163/ 600] blk.9.attn_q.weight                  - [  2560,   2048,      1,      1], type =   bf16, converting to q2_K .. size =    10.00 MiB ->     1.64 MiB
[ 164/ 600] blk.9.attn_q_norm.weight             - [   256,      1,      1,      1], type =    f32, size =    0.001 MiB
[ 165/ 600] blk.9.attn_v.weight                  - [  2560,    512,      1,      1], type =   bf16, converting to q4_K .. size =     2.50 MiB ->     0.70 MiB
[ 166/ 600] blk.9.ffn_down.weight                - [ 10240,   2560,      1,      1], type =   bf16, converting to q3_K .. size =    50.00 MiB ->    10.74 MiB
[ 167/ 600] blk.9.ffn_gate.weight                - [  2560,  10240,      1,      1], type =   bf16, converting to q2_K .. size =    50.00 MiB ->     8.20 MiB
[ 168/ 600] blk.9.ffn_norm.weight                - [  2560,      1,      1,      1], type =    f32, size =    0.010 MiB
[ 169/ 600] blk.9.ffn_up.weight                  - [  2560,  10240,      1,      1], type =   bf16, converting to q2_K .. size =    50.00 MiB ->     8.20 MiB
[ 170/ 600] blk.9.inp_gate.weight                - [  2560,    256,      1,      1], type =   bf16, converting to q2_K .. size =     1.25 MiB ->     0.21 MiB
[ 171/ 600] blk.9.layer_output_scale.weight      - [     1,      1,      1,      1], type =    f32, size =    0.000 MiB
[ 172/ 600] blk.9.post_attention_norm.weight     - [  2560,      1,      1,      1], type =    f32, size =    0.010 MiB
[ 173/ 600] blk.9.post_ffw_norm.weight           - [  2560,      1,      1,      1], type =    f32, size =    0.010 MiB
[ 174/ 600] blk.9.post_norm.weight               - [  2560,      1,      1,      1], type =    f32, size =    0.010 MiB
[ 175/ 600] blk.9.proj.weight                    - [   256,   2560,      1,      1], type =   bf16, converting to q2_K .. size =     1.25 MiB ->     0.21 MiB
[ 176/ 600] blk.10.attn_k.weight                 - [  2560,    512,      1,      1], type =   bf16, converting to q2_K .. size =     2.50 MiB ->     0.41 MiB
[ 177/ 600] blk.10.attn_k_norm.weight            - [   256,      1,      1,      1], type =    f32, size =    0.001 MiB
[ 178/ 600] blk.10.attn_norm.weight              - [  2560,      1,      1,      1], type =    f32, size =    0.010 MiB
[ 179/ 600] blk.10.attn_output.weight            - [  2048,   2560,      1,      1], type =   bf16, converting to q3_K .. size =    10.00 MiB ->     2.15 MiB
[ 180/ 600] blk.10.attn_q.weight                 - [  2560,   2048,      1,      1], type =   bf16, converting to q2_K .. size =    10.00 MiB ->     1.64 MiB
[ 181/ 600] blk.10.attn_q_norm.weight            - [   256,      1,      1,      1], type =    f32, size =    0.001 MiB
[ 182/ 600] blk.10.attn_v.weight                 - [  2560,    512,      1,      1], type =   bf16, converting to q4_K .. size =     2.50 MiB ->     0.70 MiB
[ 183/ 600] blk.10.ffn_down.weight               - [ 10240,   2560,      1,      1], type =   bf16, converting to q3_K .. size =    50.00 MiB ->    10.74 MiB
[ 184/ 600] blk.10.ffn_gate.weight               - [  2560,  10240,      1,      1], type =   bf16, converting to q2_K .. size =    50.00 MiB ->     8.20 MiB
[ 185/ 600] blk.10.ffn_norm.weight               - [  2560,      1,      1,      1], type =    f32, size =    0.010 MiB
[ 186/ 600] blk.10.ffn_up.weight                 - [  2560,  10240,      1,      1], type =   bf16, converting to q2_K .. size =    50.00 MiB ->     8.20 MiB
[ 187/ 600] blk.10.inp_gate.weight               - [  2560,    256,      1,      1], type =   bf16, converting to q2_K .. size =     1.25 MiB ->     0.21 MiB
[ 188/ 600] blk.10.layer_output_scale.weight     - [     1,      1,      1,      1], type =    f32, size =    0.000 MiB
[ 189/ 600] blk.10.post_attention_norm.weight    - [  2560,      1,      1,      1], type =    f32, size =    0.010 MiB
[ 190/ 600] blk.10.post_ffw_norm.weight          - [  2560,      1,      1,      1], type =    f32, size =    0.010 MiB
[ 191/ 600] blk.10.post_norm.weight              - [  2560,      1,      1,      1], type =    f32, size =    0.010 MiB
[ 192/ 600] blk.10.proj.weight                   - [   256,   2560,      1,      1], type =   bf16, converting to q2_K .. size =     1.25 MiB ->     0.21 MiB
[ 193/ 600] blk.11.attn_k.weight                 - [  2560,    512,      1,      1], type =   bf16, converting to q2_K .. size =     2.50 MiB ->     0.41 MiB
[ 194/ 600] blk.11.attn_k_norm.weight            - [   256,      1,      1,      1], type =    f32, size =    0.001 MiB
[ 195/ 600] blk.11.attn_norm.weight              - [  2560,      1,      1,      1], type =    f32, size =    0.010 MiB
[ 196/ 600] blk.11.attn_output.weight            - [  2048,   2560,      1,      1], type =   bf16, converting to q3_K .. size =    10.00 MiB ->     2.15 MiB
[ 197/ 600] blk.11.attn_q.weight                 - [  2560,   2048,      1,      1], type =   bf16, converting to q2_K .. size =    10.00 MiB ->     1.64 MiB
[ 198/ 600] blk.11.attn_q_norm.weight            - [   256,      1,      1,      1], type =    f32, size =    0.001 MiB
[ 199/ 600] blk.11.attn_v.weight                 - [  2560,    512,      1,      1], type =   bf16, converting to q4_K .. size =     2.50 MiB ->     0.70 MiB
[ 200/ 600] blk.11.ffn_down.weight               - [ 10240,   2560,      1,      1], type =   bf16, converting to q3_K .. size =    50.00 MiB ->    10.74 MiB
[ 201/ 600] blk.11.ffn_gate.weight               - [  2560,  10240,      1,      1], type =   bf16, converting to q2_K .. size =    50.00 MiB ->     8.20 MiB
[ 202/ 600] blk.11.ffn_norm.weight               - [  2560,      1,      1,      1], type =    f32, size =    0.010 MiB
[ 203/ 600] blk.11.ffn_up.weight                 - [  2560,  10240,      1,      1], type =   bf16, converting to q2_K .. size =    50.00 MiB ->     8.20 MiB
[ 204/ 600] blk.11.inp_gate.weight               - [  2560,    256,      1,      1], type =   bf16, converting to q2_K .. size =     1.25 MiB ->     0.21 MiB
[ 205/ 600] blk.11.layer_output_scale.weight     - [     1,      1,      1,      1], type =    f32, size =    0.000 MiB
[ 206/ 600] blk.11.post_attention_norm.weight    - [  2560,      1,      1,      1], type =    f32, size =    0.010 MiB
[ 207/ 600] blk.11.post_ffw_norm.weight          - [  2560,      1,      1,      1], type =    f32, size =    0.010 MiB
[ 208/ 600] blk.11.post_norm.weight              - [  2560,      1,      1,      1], type =    f32, size =    0.010 MiB
[ 209/ 600] blk.11.proj.weight                   - [   256,   2560,      1,      1], type =   bf16, converting to q2_K .. size =     1.25 MiB ->     0.21 MiB
[ 210/ 600] blk.12.attn_k.weight                 - [  2560,    512,      1,      1], type =   bf16, converting to q2_K .. size =     2.50 MiB ->     0.41 MiB
[ 211/ 600] blk.12.attn_k_norm.weight            - [   256,      1,      1,      1], type =    f32, size =    0.001 MiB
[ 212/ 600] blk.12.attn_norm.weight              - [  2560,      1,      1,      1], type =    f32, size =    0.010 MiB
[ 213/ 600] blk.12.attn_output.weight            - [  2048,   2560,      1,      1], type =   bf16, converting to q3_K .. size =    10.00 MiB ->     2.15 MiB
[ 214/ 600] blk.12.attn_q.weight                 - [  2560,   2048,      1,      1], type =   bf16, converting to q2_K .. size =    10.00 MiB ->     1.64 MiB
[ 215/ 600] blk.12.attn_q_norm.weight            - [   256,      1,      1,      1], type =    f32, size =    0.001 MiB
[ 216/ 600] blk.12.attn_v.weight                 - [  2560,    512,      1,      1], type =   bf16, converting to q4_K .. size =     2.50 MiB ->     0.70 MiB
[ 217/ 600] blk.12.ffn_down.weight               - [ 10240,   2560,      1,      1], type =   bf16, converting to q3_K .. size =    50.00 MiB ->    10.74 MiB
[ 218/ 600] blk.12.ffn_gate.weight               - [  2560,  10240,      1,      1], type =   bf16, converting to q2_K .. size =    50.00 MiB ->     8.20 MiB
[ 219/ 600] blk.12.ffn_norm.weight               - [  2560,      1,      1,      1], type =    f32, size =    0.010 MiB
[ 220/ 600] blk.12.ffn_up.weight                 - [  2560,  10240,      1,      1], type =   bf16, converting to q2_K .. size =    50.00 MiB ->     8.20 MiB
[ 221/ 600] blk.12.inp_gate.weight               - [  2560,    256,      1,      1], type =   bf16, converting to q2_K .. size =     1.25 MiB ->     0.21 MiB
[ 222/ 600] blk.12.layer_output_scale.weight     - [     1,      1,      1,      1], type =    f32, size =    0.000 MiB
[ 223/ 600] blk.12.post_attention_norm.weight    - [  2560,      1,      1,      1], type =    f32, size =    0.010 MiB
[ 224/ 600] blk.12.post_ffw_norm.weight          - [  2560,      1,      1,      1], type =    f32, size =    0.010 MiB
[ 225/ 600] blk.12.post_norm.weight              - [  2560,      1,      1,      1], type =    f32, size =    0.010 MiB
[ 226/ 600] blk.12.proj.weight                   - [   256,   2560,      1,      1], type =   bf16, converting to q2_K .. size =     1.25 MiB ->     0.21 MiB
[ 227/ 600] blk.13.attn_k.weight                 - [  2560,    512,      1,      1], type =   bf16, converting to q2_K .. size =     2.50 MiB ->     0.41 MiB
[ 228/ 600] blk.13.attn_k_norm.weight            - [   256,      1,      1,      1], type =    f32, size =    0.001 MiB
[ 229/ 600] blk.13.attn_norm.weight              - [  2560,      1,      1,      1], type =    f32, size =    0.010 MiB
[ 230/ 600] blk.13.attn_output.weight            - [  2048,   2560,      1,      1], type =   bf16, converting to q3_K .. size =    10.00 MiB ->     2.15 MiB
[ 231/ 600] blk.13.attn_q.weight                 - [  2560,   2048,      1,      1], type =   bf16, converting to q2_K .. size =    10.00 MiB ->     1.64 MiB
[ 232/ 600] blk.13.attn_q_norm.weight            - [   256,      1,      1,      1], type =    f32, size =    0.001 MiB
[ 233/ 600] blk.13.attn_v.weight                 - [  2560,    512,      1,      1], type =   bf16, converting to q4_K .. size =     2.50 MiB ->     0.70 MiB
[ 234/ 600] blk.13.ffn_down.weight               - [ 10240,   2560,      1,      1], type =   bf16, converting to q3_K .. size =    50.00 MiB ->    10.74 MiB
[ 235/ 600] blk.13.ffn_gate.weight               - [  2560,  10240,      1,      1], type =   bf16, converting to q2_K .. size =    50.00 MiB ->     8.20 MiB
[ 236/ 600] blk.13.ffn_norm.weight               - [  2560,      1,      1,      1], type =    f32, size =    0.010 MiB
[ 237/ 600] blk.13.ffn_up.weight                 - [  2560,  10240,      1,      1], type =   bf16, converting to q2_K .. size =    50.00 MiB ->     8.20 MiB
[ 238/ 600] blk.13.inp_gate.weight               - [  2560,    256,      1,      1], type =   bf16, converting to q2_K .. size =     1.25 MiB ->     0.21 MiB
[ 239/ 600] blk.13.layer_output_scale.weight     - [     1,      1,      1,      1], type =    f32, size =    0.000 MiB
[ 240/ 600] blk.13.post_attention_norm.weight    - [  2560,      1,      1,      1], type =    f32, size =    0.010 MiB
[ 241/ 600] blk.13.post_ffw_norm.weight          - [  2560,      1,      1,      1], type =    f32, size =    0.010 MiB
[ 242/ 600] blk.13.post_norm.weight              - [  2560,      1,      1,      1], type =    f32, size =    0.010 MiB
[ 243/ 600] blk.13.proj.weight                   - [   256,   2560,      1,      1], type =   bf16, converting to q2_K .. size =     1.25 MiB ->     0.21 MiB
[ 244/ 600] blk.14.attn_k.weight                 - [  2560,    512,      1,      1], type =   bf16, converting to q2_K .. size =     2.50 MiB ->     0.41 MiB
[ 245/ 600] blk.14.attn_k_norm.weight            - [   256,      1,      1,      1], type =    f32, size =    0.001 MiB
[ 246/ 600] blk.14.attn_norm.weight              - [  2560,      1,      1,      1], type =    f32, size =    0.010 MiB
[ 247/ 600] blk.14.attn_output.weight            - [  2048,   2560,      1,      1], type =   bf16, converting to q3_K .. size =    10.00 MiB ->     2.15 MiB
[ 248/ 600] blk.14.attn_q.weight                 - [  2560,   2048,      1,      1], type =   bf16, converting to q2_K .. size =    10.00 MiB ->     1.64 MiB
[ 249/ 600] blk.14.attn_q_norm.weight            - [   256,      1,      1,      1], type =    f32, size =    0.001 MiB
[ 250/ 600] blk.14.attn_v.weight                 - [  2560,    512,      1,      1], type =   bf16, converting to q4_K .. size =     2.50 MiB ->     0.70 MiB
[ 251/ 600] blk.14.ffn_down.weight               - [ 10240,   2560,      1,      1], type =   bf16, converting to q3_K .. size =    50.00 MiB ->    10.74 MiB
[ 252/ 600] blk.14.ffn_gate.weight               - [  2560,  10240,      1,      1], type =   bf16, converting to q2_K .. size =    50.00 MiB ->     8.20 MiB
[ 253/ 600] blk.14.ffn_norm.weight               - [  2560,      1,      1,      1], type =    f32, size =    0.010 MiB
[ 254/ 600] blk.14.ffn_up.weight                 - [  2560,  10240,      1,      1], type =   bf16, converting to q2_K .. size =    50.00 MiB ->     8.20 MiB
[ 255/ 600] blk.14.inp_gate.weight               - [  2560,    256,      1,      1], type =   bf16, converting to q2_K .. size =     1.25 MiB ->     0.21 MiB
[ 256/ 600] blk.14.layer_output_scale.weight     - [     1,      1,      1,      1], type =    f32, size =    0.000 MiB
[ 257/ 600] blk.14.post_attention_norm.weight    - [  2560,      1,      1,      1], type =    f32, size =    0.010 MiB
[ 258/ 600] blk.14.post_ffw_norm.weight          - [  2560,      1,      1,      1], type =    f32, size =    0.010 MiB
[ 259/ 600] blk.14.post_norm.weight              - [  2560,      1,      1,      1], type =    f32, size =    0.010 MiB
[ 260/ 600] blk.14.proj.weight                   - [   256,   2560,      1,      1], type =   bf16, converting to q2_K .. size =     1.25 MiB ->     0.21 MiB
[ 261/ 600] blk.15.attn_k.weight                 - [  2560,    512,      1,      1], type =   bf16, converting to q2_K .. size =     2.50 MiB ->     0.41 MiB
[ 262/ 600] blk.15.attn_k_norm.weight            - [   256,      1,      1,      1], type =    f32, size =    0.001 MiB
[ 263/ 600] blk.15.attn_norm.weight              - [  2560,      1,      1,      1], type =    f32, size =    0.010 MiB
[ 264/ 600] blk.15.attn_output.weight            - [  2048,   2560,      1,      1], type =   bf16, converting to q3_K .. size =    10.00 MiB ->     2.15 MiB
[ 265/ 600] blk.15.attn_q.weight                 - [  2560,   2048,      1,      1], type =   bf16, converting to q2_K .. size =    10.00 MiB ->     1.64 MiB
[ 266/ 600] blk.15.attn_q_norm.weight            - [   256,      1,      1,      1], type =    f32, size =    0.001 MiB
[ 267/ 600] blk.15.attn_v.weight                 - [  2560,    512,      1,      1], type =   bf16, converting to q4_K .. size =     2.50 MiB ->     0.70 MiB
[ 268/ 600] blk.15.ffn_down.weight               - [ 10240,   2560,      1,      1], type =   bf16, converting to q3_K .. size =    50.00 MiB ->    10.74 MiB
[ 269/ 600] blk.15.ffn_gate.weight               - [  2560,  10240,      1,      1], type =   bf16, converting to q2_K .. size =    50.00 MiB ->     8.20 MiB
[ 270/ 600] blk.15.ffn_norm.weight               - [  2560,      1,      1,      1], type =    f32, size =    0.010 MiB
[ 271/ 600] blk.15.ffn_up.weight                 - [  2560,  10240,      1,      1], type =   bf16, converting to q2_K .. size =    50.00 MiB ->     8.20 MiB
[ 272/ 600] blk.15.inp_gate.weight               - [  2560,    256,      1,      1], type =   bf16, converting to q2_K .. size =     1.25 MiB ->     0.21 MiB
[ 273/ 600] blk.15.layer_output_scale.weight     - [     1,      1,      1,      1], type =    f32, size =    0.000 MiB
[ 274/ 600] blk.15.post_attention_norm.weight    - [  2560,      1,      1,      1], type =    f32, size =    0.010 MiB
[ 275/ 600] blk.15.post_ffw_norm.weight          - [  2560,      1,      1,      1], type =    f32, size =    0.010 MiB
[ 276/ 600] blk.15.post_norm.weight              - [  2560,      1,      1,      1], type =    f32, size =    0.010 MiB
[ 277/ 600] blk.15.proj.weight                   - [   256,   2560,      1,      1], type =   bf16, converting to q2_K .. size =     1.25 MiB ->     0.21 MiB
[ 278/ 600] blk.16.attn_k.weight                 - [  2560,    512,      1,      1], type =   bf16, converting to q2_K .. size =     2.50 MiB ->     0.41 MiB
[ 279/ 600] blk.16.attn_k_norm.weight            - [   256,      1,      1,      1], type =    f32, size =    0.001 MiB
[ 280/ 600] blk.16.attn_norm.weight              - [  2560,      1,      1,      1], type =    f32, size =    0.010 MiB
[ 281/ 600] blk.16.attn_output.weight            - [  2048,   2560,      1,      1], type =   bf16, converting to q3_K .. size =    10.00 MiB ->     2.15 MiB
[ 282/ 600] blk.16.attn_q.weight                 - [  2560,   2048,      1,      1], type =   bf16, converting to q2_K .. size =    10.00 MiB ->     1.64 MiB
[ 283/ 600] blk.16.attn_q_norm.weight            - [   256,      1,      1,      1], type =    f32, size =    0.001 MiB
[ 284/ 600] blk.16.attn_v.weight                 - [  2560,    512,      1,      1], type =   bf16, converting to q4_K .. size =     2.50 MiB ->     0.70 MiB
[ 285/ 600] blk.16.ffn_down.weight               - [ 10240,   2560,      1,      1], type =   bf16, converting to q3_K .. size =    50.00 MiB ->    10.74 MiB
[ 286/ 600] blk.16.ffn_gate.weight               - [  2560,  10240,      1,      1], type =   bf16, converting to q2_K .. size =    50.00 MiB ->     8.20 MiB
[ 287/ 600] blk.16.ffn_norm.weight               - [  2560,      1,      1,      1], type =    f32, size =    0.010 MiB
[ 288/ 600] blk.16.ffn_up.weight                 - [  2560,  10240,      1,      1], type =   bf16, converting to q2_K .. size =    50.00 MiB ->     8.20 MiB
[ 289/ 600] blk.16.inp_gate.weight               - [  2560,    256,      1,      1], type =   bf16, converting to q2_K .. size =     1.25 MiB ->     0.21 MiB
[ 290/ 600] blk.16.layer_output_scale.weight     - [     1,      1,      1,      1], type =    f32, size =    0.000 MiB
[ 291/ 600] blk.16.post_attention_norm.weight    - [  2560,      1,      1,      1], type =    f32, size =    0.010 MiB
[ 292/ 600] blk.16.post_ffw_norm.weight          - [  2560,      1,      1,      1], type =    f32, size =    0.010 MiB
[ 293/ 600] blk.16.post_norm.weight              - [  2560,      1,      1,      1], type =    f32, size =    0.010 MiB
[ 294/ 600] blk.16.proj.weight                   - [   256,   2560,      1,      1], type =   bf16, converting to q2_K .. size =     1.25 MiB ->     0.21 MiB
[ 295/ 600] blk.17.attn_k.weight                 - [  2560,    512,      1,      1], type =   bf16, converting to q2_K .. size =     2.50 MiB ->     0.41 MiB
[ 296/ 600] blk.17.attn_k_norm.weight            - [   256,      1,      1,      1], type =    f32, size =    0.001 MiB
[ 297/ 600] blk.17.attn_norm.weight              - [  2560,      1,      1,      1], type =    f32, size =    0.010 MiB
[ 298/ 600] blk.17.attn_output.weight            - [  2048,   2560,      1,      1], type =   bf16, converting to q3_K .. size =    10.00 MiB ->     2.15 MiB
[ 299/ 600] blk.17.attn_q.weight                 - [  2560,   2048,      1,      1], type =   bf16, converting to q2_K .. size =    10.00 MiB ->     1.64 MiB
[ 300/ 600] blk.17.attn_q_norm.weight            - [   256,      1,      1,      1], type =    f32, size =    0.001 MiB
[ 301/ 600] blk.17.attn_v.weight                 - [  2560,    512,      1,      1], type =   bf16, converting to q4_K .. size =     2.50 MiB ->     0.70 MiB
[ 302/ 600] blk.17.ffn_down.weight               - [ 10240,   2560,      1,      1], type =   bf16, converting to q3_K .. size =    50.00 MiB ->    10.74 MiB
[ 303/ 600] blk.17.ffn_gate.weight               - [  2560,  10240,      1,      1], type =   bf16, converting to q2_K .. size =    50.00 MiB ->     8.20 MiB
[ 304/ 600] blk.17.ffn_norm.weight               - [  2560,      1,      1,      1], type =    f32, size =    0.010 MiB
[ 305/ 600] blk.17.ffn_up.weight                 - [  2560,  10240,      1,      1], type =   bf16, converting to q2_K .. size =    50.00 MiB ->     8.20 MiB
[ 306/ 600] blk.17.inp_gate.weight               - [  2560,    256,      1,      1], type =   bf16, converting to q2_K .. size =     1.25 MiB ->     0.21 MiB
[ 307/ 600] blk.17.layer_output_scale.weight     - [     1,      1,      1,      1], type =    f32, size =    0.000 MiB
[ 308/ 600] blk.17.post_attention_norm.weight    - [  2560,      1,      1,      1], type =    f32, size =    0.010 MiB
[ 309/ 600] blk.17.post_ffw_norm.weight          - [  2560,      1,      1,      1], type =    f32, size =    0.010 MiB
[ 310/ 600] blk.17.post_norm.weight              - [  2560,      1,      1,      1], type =    f32, size =    0.010 MiB
[ 311/ 600] blk.17.proj.weight                   - [   256,   2560,      1,      1], type =   bf16, converting to q2_K .. size =     1.25 MiB ->     0.21 MiB
[ 312/ 600] blk.18.attn_k.weight                 - [  2560,    512,      1,      1], type =   bf16, converting to q2_K .. size =     2.50 MiB ->     0.41 MiB
[ 313/ 600] blk.18.attn_k_norm.weight            - [   256,      1,      1,      1], type =    f32, size =    0.001 MiB
[ 314/ 600] blk.18.attn_norm.weight              - [  2560,      1,      1,      1], type =    f32, size =    0.010 MiB
[ 315/ 600] blk.18.attn_output.weight            - [  2048,   2560,      1,      1], type =   bf16, converting to q3_K .. size =    10.00 MiB ->     2.15 MiB
[ 316/ 600] blk.18.attn_q.weight                 - [  2560,   2048,      1,      1], type =   bf16, converting to q2_K .. size =    10.00 MiB ->     1.64 MiB
[ 317/ 600] blk.18.attn_q_norm.weight            - [   256,      1,      1,      1], type =    f32, size =    0.001 MiB
[ 318/ 600] blk.18.attn_v.weight                 - [  2560,    512,      1,      1], type =   bf16, converting to q4_K .. size =     2.50 MiB ->     0.70 MiB
[ 319/ 600] blk.18.ffn_down.weight               - [ 10240,   2560,      1,      1], type =   bf16, converting to q3_K .. size =    50.00 MiB ->    10.74 MiB
[ 320/ 600] blk.18.ffn_gate.weight               - [  2560,  10240,      1,      1], type =   bf16, converting to q2_K .. size =    50.00 MiB ->     8.20 MiB
[ 321/ 600] blk.18.ffn_norm.weight               - [  2560,      1,      1,      1], type =    f32, size =    0.010 MiB
[ 322/ 600] blk.18.ffn_up.weight                 - [  2560,  10240,      1,      1], type =   bf16, converting to q2_K .. size =    50.00 MiB ->     8.20 MiB
[ 323/ 600] blk.18.inp_gate.weight               - [  2560,    256,      1,      1], type =   bf16, converting to q2_K .. size =     1.25 MiB ->     0.21 MiB
[ 324/ 600] blk.18.layer_output_scale.weight     - [     1,      1,      1,      1], type =    f32, size =    0.000 MiB
[ 325/ 600] blk.18.post_attention_norm.weight    - [  2560,      1,      1,      1], type =    f32, size =    0.010 MiB
[ 326/ 600] blk.18.post_ffw_norm.weight          - [  2560,      1,      1,      1], type =    f32, size =    0.010 MiB
[ 327/ 600] blk.18.post_norm.weight              - [  2560,      1,      1,      1], type =    f32, size =    0.010 MiB
[ 328/ 600] blk.18.proj.weight                   - [   256,   2560,      1,      1], type =   bf16, converting to q2_K .. size =     1.25 MiB ->     0.21 MiB
[ 329/ 600] blk.19.attn_k.weight                 - [  2560,    512,      1,      1], type =   bf16, converting to q2_K .. size =     2.50 MiB ->     0.41 MiB
[ 330/ 600] blk.19.attn_k_norm.weight            - [   256,      1,      1,      1], type =    f32, size =    0.001 MiB
[ 331/ 600] blk.19.attn_norm.weight              - [  2560,      1,      1,      1], type =    f32, size =    0.010 MiB
[ 332/ 600] blk.19.attn_output.weight            - [  2048,   2560,      1,      1], type =   bf16, converting to q3_K .. size =    10.00 MiB ->     2.15 MiB
[ 333/ 600] blk.19.attn_q.weight                 - [  2560,   2048,      1,      1], type =   bf16, converting to q2_K .. size =    10.00 MiB ->     1.64 MiB
[ 334/ 600] blk.19.attn_q_norm.weight            - [   256,      1,      1,      1], type =    f32, size =    0.001 MiB
[ 335/ 600] blk.19.attn_v.weight                 - [  2560,    512,      1,      1], type =   bf16, converting to q4_K .. size =     2.50 MiB ->     0.70 MiB
[ 336/ 600] blk.19.ffn_down.weight               - [ 10240,   2560,      1,      1], type =   bf16, converting to q3_K .. size =    50.00 MiB ->    10.74 MiB
[ 337/ 600] blk.19.ffn_gate.weight               - [  2560,  10240,      1,      1], type =   bf16, converting to q2_K .. size =    50.00 MiB ->     8.20 MiB
[ 338/ 600] blk.19.ffn_norm.weight               - [  2560,      1,      1,      1], type =    f32, size =    0.010 MiB
[ 339/ 600] blk.19.ffn_up.weight                 - [  2560,  10240,      1,      1], type =   bf16, converting to q2_K .. size =    50.00 MiB ->     8.20 MiB
[ 340/ 600] blk.19.inp_gate.weight               - [  2560,    256,      1,      1], type =   bf16, converting to q2_K .. size =     1.25 MiB ->     0.21 MiB
[ 341/ 600] blk.19.layer_output_scale.weight     - [     1,      1,      1,      1], type =    f32, size =    0.000 MiB
[ 342/ 600] blk.19.post_attention_norm.weight    - [  2560,      1,      1,      1], type =    f32, size =    0.010 MiB
[ 343/ 600] blk.19.post_ffw_norm.weight          - [  2560,      1,      1,      1], type =    f32, size =    0.010 MiB
[ 344/ 600] blk.19.post_norm.weight              - [  2560,      1,      1,      1], type =    f32, size =    0.010 MiB
[ 345/ 600] blk.19.proj.weight                   - [   256,   2560,      1,      1], type =   bf16, converting to q2_K .. size =     1.25 MiB ->     0.21 MiB
[ 346/ 600] blk.20.attn_k.weight                 - [  2560,    512,      1,      1], type =   bf16, converting to q2_K .. size =     2.50 MiB ->     0.41 MiB
[ 347/ 600] blk.20.attn_k_norm.weight            - [   256,      1,      1,      1], type =    f32, size =    0.001 MiB
[ 348/ 600] blk.20.attn_norm.weight              - [  2560,      1,      1,      1], type =    f32, size =    0.010 MiB
[ 349/ 600] blk.20.attn_output.weight            - [  2048,   2560,      1,      1], type =   bf16, converting to q3_K .. size =    10.00 MiB ->     2.15 MiB
[ 350/ 600] blk.20.attn_q.weight                 - [  2560,   2048,      1,      1], type =   bf16, converting to q2_K .. size =    10.00 MiB ->     1.64 MiB
[ 351/ 600] blk.20.attn_q_norm.weight            - [   256,      1,      1,      1], type =    f32, size =    0.001 MiB
[ 352/ 600] blk.20.attn_v.weight                 - [  2560,    512,      1,      1], type =   bf16, converting to q4_K .. size =     2.50 MiB ->     0.70 MiB
[ 353/ 600] blk.20.ffn_down.weight               - [ 10240,   2560,      1,      1], type =   bf16, converting to q3_K .. size =    50.00 MiB ->    10.74 MiB
[ 354/ 600] blk.20.ffn_gate.weight               - [  2560,  10240,      1,      1], type =   bf16, converting to q2_K .. size =    50.00 MiB ->     8.20 MiB
[ 355/ 600] blk.20.ffn_norm.weight               - [  2560,      1,      1,      1], type =    f32, size =    0.010 MiB
[ 356/ 600] blk.20.ffn_up.weight                 - [  2560,  10240,      1,      1], type =   bf16, converting to q2_K .. size =    50.00 MiB ->     8.20 MiB
[ 357/ 600] blk.20.inp_gate.weight               - [  2560,    256,      1,      1], type =   bf16, converting to q2_K .. size =     1.25 MiB ->     0.21 MiB
[ 358/ 600] blk.20.layer_output_scale.weight     - [     1,      1,      1,      1], type =    f32, size =    0.000 MiB
[ 359/ 600] blk.20.post_attention_norm.weight    - [  2560,      1,      1,      1], type =    f32, size =    0.010 MiB
[ 360/ 600] blk.20.post_ffw_norm.weight          - [  2560,      1,      1,      1], type =    f32, size =    0.010 MiB
[ 361/ 600] blk.20.post_norm.weight              - [  2560,      1,      1,      1], type =    f32, size =    0.010 MiB
[ 362/ 600] blk.20.proj.weight                   - [   256,   2560,      1,      1], type =   bf16, converting to q2_K .. size =     1.25 MiB ->     0.21 MiB
[ 363/ 600] blk.21.attn_k.weight                 - [  2560,    512,      1,      1], type =   bf16, converting to q2_K .. size =     2.50 MiB ->     0.41 MiB
[ 364/ 600] blk.21.attn_k_norm.weight            - [   256,      1,      1,      1], type =    f32, size =    0.001 MiB
[ 365/ 600] blk.21.attn_norm.weight              - [  2560,      1,      1,      1], type =    f32, size =    0.010 MiB
[ 366/ 600] blk.21.attn_output.weight            - [  2048,   2560,      1,      1], type =   bf16, converting to q3_K .. size =    10.00 MiB ->     2.15 MiB
[ 367/ 600] blk.21.attn_q.weight                 - [  2560,   2048,      1,      1], type =   bf16, converting to q2_K .. size =    10.00 MiB ->     1.64 MiB
[ 368/ 600] blk.21.attn_q_norm.weight            - [   256,      1,      1,      1], type =    f32, size =    0.001 MiB
[ 369/ 600] blk.21.attn_v.weight                 - [  2560,    512,      1,      1], type =   bf16, converting to q4_K .. size =     2.50 MiB ->     0.70 MiB
[ 370/ 600] blk.21.ffn_down.weight               - [ 10240,   2560,      1,      1], type =   bf16, converting to q3_K .. size =    50.00 MiB ->    10.74 MiB
[ 371/ 600] blk.21.ffn_gate.weight               - [  2560,  10240,      1,      1], type =   bf16, converting to q2_K .. size =    50.00 MiB ->     8.20 MiB
[ 372/ 600] blk.21.ffn_norm.weight               - [  2560,      1,      1,      1], type =    f32, size =    0.010 MiB
[ 373/ 600] blk.21.ffn_up.weight                 - [  2560,  10240,      1,      1], type =   bf16, converting to q2_K .. size =    50.00 MiB ->     8.20 MiB
[ 374/ 600] blk.21.inp_gate.weight               - [  2560,    256,      1,      1], type =   bf16, converting to q2_K .. size =     1.25 MiB ->     0.21 MiB
[ 375/ 600] blk.21.layer_output_scale.weight     - [     1,      1,      1,      1], type =    f32, size =    0.000 MiB
[ 376/ 600] blk.21.post_attention_norm.weight    - [  2560,      1,      1,      1], type =    f32, size =    0.010 MiB
[ 377/ 600] blk.21.post_ffw_norm.weight          - [  2560,      1,      1,      1], type =    f32, size =    0.010 MiB
[ 378/ 600] blk.21.post_norm.weight              - [  2560,      1,      1,      1], type =    f32, size =    0.010 MiB
[ 379/ 600] blk.21.proj.weight                   - [   256,   2560,      1,      1], type =   bf16, converting to q2_K .. size =     1.25 MiB ->     0.21 MiB
[ 380/ 600] blk.22.attn_k.weight                 - [  2560,    512,      1,      1], type =   bf16, converting to q2_K .. size =     2.50 MiB ->     0.41 MiB
[ 381/ 600] blk.22.attn_k_norm.weight            - [   256,      1,      1,      1], type =    f32, size =    0.001 MiB
[ 382/ 600] blk.22.attn_norm.weight              - [  2560,      1,      1,      1], type =    f32, size =    0.010 MiB
[ 383/ 600] blk.22.attn_output.weight            - [  2048,   2560,      1,      1], type =   bf16, converting to q3_K .. size =    10.00 MiB ->     2.15 MiB
[ 384/ 600] blk.22.attn_q.weight                 - [  2560,   2048,      1,      1], type =   bf16, converting to q2_K .. size =    10.00 MiB ->     1.64 MiB
[ 385/ 600] blk.22.attn_q_norm.weight            - [   256,      1,      1,      1], type =    f32, size =    0.001 MiB
[ 386/ 600] blk.22.attn_v.weight                 - [  2560,    512,      1,      1], type =   bf16, converting to q4_K .. size =     2.50 MiB ->     0.70 MiB
[ 387/ 600] blk.22.ffn_down.weight               - [ 10240,   2560,      1,      1], type =   bf16, converting to q3_K .. size =    50.00 MiB ->    10.74 MiB
[ 388/ 600] blk.22.ffn_gate.weight               - [  2560,  10240,      1,      1], type =   bf16, converting to q2_K .. size =    50.00 MiB ->     8.20 MiB
[ 389/ 600] blk.22.ffn_norm.weight               - [  2560,      1,      1,      1], type =    f32, size =    0.010 MiB
[ 390/ 600] blk.22.ffn_up.weight                 - [  2560,  10240,      1,      1], type =   bf16, converting to q2_K .. size =    50.00 MiB ->     8.20 MiB
[ 391/ 600] blk.22.inp_gate.weight               - [  2560,    256,      1,      1], type =   bf16, converting to q2_K .. size =     1.25 MiB ->     0.21 MiB
[ 392/ 600] blk.22.layer_output_scale.weight     - [     1,      1,      1,      1], type =    f32, size =    0.000 MiB
[ 393/ 600] blk.22.post_attention_norm.weight    - [  2560,      1,      1,      1], type =    f32, size =    0.010 MiB
[ 394/ 600] blk.22.post_ffw_norm.weight          - [  2560,      1,      1,      1], type =    f32, size =    0.010 MiB
[ 395/ 600] blk.22.post_norm.weight              - [  2560,      1,      1,      1], type =    f32, size =    0.010 MiB
[ 396/ 600] blk.22.proj.weight                   - [   256,   2560,      1,      1], type =   bf16, converting to q2_K .. size =     1.25 MiB ->     0.21 MiB
[ 397/ 600] blk.23.attn_k.weight                 - [  2560,    512,      1,      1], type =   bf16, converting to q2_K .. size =     2.50 MiB ->     0.41 MiB
[ 398/ 600] blk.23.attn_k_norm.weight            - [   256,      1,      1,      1], type =    f32, size =    0.001 MiB
[ 399/ 600] blk.23.attn_norm.weight              - [  2560,      1,      1,      1], type =    f32, size =    0.010 MiB
[ 400/ 600] blk.23.attn_output.weight            - [  2048,   2560,      1,      1], type =   bf16, converting to q3_K .. size =    10.00 MiB ->     2.15 MiB
[ 401/ 600] blk.23.attn_q.weight                 - [  2560,   2048,      1,      1], type =   bf16, converting to q2_K .. size =    10.00 MiB ->     1.64 MiB
[ 402/ 600] blk.23.attn_q_norm.weight            - [   256,      1,      1,      1], type =    f32, size =    0.001 MiB
[ 403/ 600] blk.23.attn_v.weight                 - [  2560,    512,      1,      1], type =   bf16, converting to q4_K .. size =     2.50 MiB ->     0.70 MiB
[ 404/ 600] blk.23.ffn_down.weight               - [ 10240,   2560,      1,      1], type =   bf16, converting to q3_K .. size =    50.00 MiB ->    10.74 MiB
[ 405/ 600] blk.23.ffn_gate.weight               - [  2560,  10240,      1,      1], type =   bf16, converting to q2_K .. size =    50.00 MiB ->     8.20 MiB
[ 406/ 600] blk.23.ffn_norm.weight               - [  2560,      1,      1,      1], type =    f32, size =    0.010 MiB
[ 407/ 600] blk.23.ffn_up.weight                 - [  2560,  10240,      1,      1], type =   bf16, converting to q2_K .. size =    50.00 MiB ->     8.20 MiB
[ 408/ 600] blk.23.inp_gate.weight               - [  2560,    256,      1,      1], type =   bf16, converting to q2_K .. size =     1.25 MiB ->     0.21 MiB
[ 409/ 600] blk.23.layer_output_scale.weight     - [     1,      1,      1,      1], type =    f32, size =    0.000 MiB
[ 410/ 600] blk.23.post_attention_norm.weight    - [  2560,      1,      1,      1], type =    f32, size =    0.010 MiB
[ 411/ 600] blk.23.post_ffw_norm.weight          - [  2560,      1,      1,      1], type =    f32, size =    0.010 MiB
[ 412/ 600] blk.23.post_norm.weight              - [  2560,      1,      1,      1], type =    f32, size =    0.010 MiB
[ 413/ 600] blk.23.proj.weight                   - [   256,   2560,      1,      1], type =   bf16, converting to q2_K .. size =     1.25 MiB ->     0.21 MiB
[ 414/ 600] blk.24.attn_k.weight                 - [  2560,    512,      1,      1], type =   bf16, converting to q2_K .. size =     2.50 MiB ->     0.41 MiB
[ 415/ 600] blk.24.attn_k_norm.weight            - [   256,      1,      1,      1], type =    f32, size =    0.001 MiB
[ 416/ 600] blk.24.attn_norm.weight              - [  2560,      1,      1,      1], type =    f32, size =    0.010 MiB
[ 417/ 600] blk.24.attn_output.weight            - [  2048,   2560,      1,      1], type =   bf16, converting to q3_K .. size =    10.00 MiB ->     2.15 MiB
[ 418/ 600] blk.24.attn_q.weight                 - [  2560,   2048,      1,      1], type =   bf16, converting to q2_K .. size =    10.00 MiB ->     1.64 MiB
[ 419/ 600] blk.24.attn_q_norm.weight            - [   256,      1,      1,      1], type =    f32, size =    0.001 MiB
[ 420/ 600] blk.24.attn_v.weight                 - [  2560,    512,      1,      1], type =   bf16, converting to q4_K .. size =     2.50 MiB ->     0.70 MiB
[ 421/ 600] blk.24.ffn_down.weight               - [ 10240,   2560,      1,      1], type =   bf16, converting to q3_K .. size =    50.00 MiB ->    10.74 MiB
[ 422/ 600] blk.24.ffn_gate.weight               - [  2560,  10240,      1,      1], type =   bf16, converting to q2_K .. size =    50.00 MiB ->     8.20 MiB
[ 423/ 600] blk.24.ffn_norm.weight               - [  2560,      1,      1,      1], type =    f32, size =    0.010 MiB
[ 424/ 600] blk.24.ffn_up.weight                 - [  2560,  10240,      1,      1], type =   bf16, converting to q2_K .. size =    50.00 MiB ->     8.20 MiB
[ 425/ 600] blk.24.inp_gate.weight               - [  2560,    256,      1,      1], type =   bf16, converting to q2_K .. size =     1.25 MiB ->     0.21 MiB
[ 426/ 600] blk.24.layer_output_scale.weight     - [     1,      1,      1,      1], type =    f32, size =    0.000 MiB
[ 427/ 600] blk.24.post_attention_norm.weight    - [  2560,      1,      1,      1], type =    f32, size =    0.010 MiB
[ 428/ 600] blk.24.post_ffw_norm.weight          - [  2560,      1,      1,      1], type =    f32, size =    0.010 MiB
[ 429/ 600] blk.24.post_norm.weight              - [  2560,      1,      1,      1], type =    f32, size =    0.010 MiB
[ 430/ 600] blk.24.proj.weight                   - [   256,   2560,      1,      1], type =   bf16, converting to q2_K .. size =     1.25 MiB ->     0.21 MiB
[ 431/ 600] blk.25.attn_k.weight                 - [  2560,    512,      1,      1], type =   bf16, converting to q2_K .. size =     2.50 MiB ->     0.41 MiB
[ 432/ 600] blk.25.attn_k_norm.weight            - [   256,      1,      1,      1], type =    f32, size =    0.001 MiB
[ 433/ 600] blk.25.attn_norm.weight              - [  2560,      1,      1,      1], type =    f32, size =    0.010 MiB
[ 434/ 600] blk.25.attn_output.weight            - [  2048,   2560,      1,      1], type =   bf16, converting to q3_K .. size =    10.00 MiB ->     2.15 MiB
[ 435/ 600] blk.25.attn_q.weight                 - [  2560,   2048,      1,      1], type =   bf16, converting to q2_K .. size =    10.00 MiB ->     1.64 MiB
[ 436/ 600] blk.25.attn_q_norm.weight            - [   256,      1,      1,      1], type =    f32, size =    0.001 MiB
[ 437/ 600] blk.25.attn_v.weight                 - [  2560,    512,      1,      1], type =   bf16, converting to q4_K .. size =     2.50 MiB ->     0.70 MiB
[ 438/ 600] blk.25.ffn_down.weight               - [ 10240,   2560,      1,      1], type =   bf16, converting to q3_K .. size =    50.00 MiB ->    10.74 MiB
[ 439/ 600] blk.25.ffn_gate.weight               - [  2560,  10240,      1,      1], type =   bf16, converting to q2_K .. size =    50.00 MiB ->     8.20 MiB
[ 440/ 600] blk.25.ffn_norm.weight               - [  2560,      1,      1,      1], type =    f32, size =    0.010 MiB
[ 441/ 600] blk.25.ffn_up.weight                 - [  2560,  10240,      1,      1], type =   bf16, converting to q2_K .. size =    50.00 MiB ->     8.20 MiB
[ 442/ 600] blk.25.inp_gate.weight               - [  2560,    256,      1,      1], type =   bf16, converting to q2_K .. size =     1.25 MiB ->     0.21 MiB
[ 443/ 600] blk.25.layer_output_scale.weight     - [     1,      1,      1,      1], type =    f32, size =    0.000 MiB
[ 444/ 600] blk.25.post_attention_norm.weight    - [  2560,      1,      1,      1], type =    f32, size =    0.010 MiB
[ 445/ 600] blk.25.post_ffw_norm.weight          - [  2560,      1,      1,      1], type =    f32, size =    0.010 MiB
[ 446/ 600] blk.25.post_norm.weight              - [  2560,      1,      1,      1], type =    f32, size =    0.010 MiB
[ 447/ 600] blk.25.proj.weight                   - [   256,   2560,      1,      1], type =   bf16, converting to q2_K .. size =     1.25 MiB ->     0.21 MiB
[ 448/ 600] blk.26.attn_k.weight                 - [  2560,    512,      1,      1], type =   bf16, converting to q2_K .. size =     2.50 MiB ->     0.41 MiB
[ 449/ 600] blk.26.attn_k_norm.weight            - [   256,      1,      1,      1], type =    f32, size =    0.001 MiB
[ 450/ 600] blk.26.attn_norm.weight              - [  2560,      1,      1,      1], type =    f32, size =    0.010 MiB
[ 451/ 600] blk.26.attn_output.weight            - [  2048,   2560,      1,      1], type =   bf16, converting to q3_K .. size =    10.00 MiB ->     2.15 MiB
[ 452/ 600] blk.26.attn_q.weight                 - [  2560,   2048,      1,      1], type =   bf16, converting to q2_K .. size =    10.00 MiB ->     1.64 MiB
[ 453/ 600] blk.26.attn_q_norm.weight            - [   256,      1,      1,      1], type =    f32, size =    0.001 MiB
[ 454/ 600] blk.26.attn_v.weight                 - [  2560,    512,      1,      1], type =   bf16, converting to q4_K .. size =     2.50 MiB ->     0.70 MiB
[ 455/ 600] blk.26.ffn_down.weight               - [ 10240,   2560,      1,      1], type =   bf16, converting to q3_K .. size =    50.00 MiB ->    10.74 MiB
[ 456/ 600] blk.26.ffn_gate.weight               - [  2560,  10240,      1,      1], type =   bf16, converting to q2_K .. size =    50.00 MiB ->     8.20 MiB
[ 457/ 600] blk.26.ffn_norm.weight               - [  2560,      1,      1,      1], type =    f32, size =    0.010 MiB
[ 458/ 600] blk.26.ffn_up.weight                 - [  2560,  10240,      1,      1], type =   bf16, converting to q2_K .. size =    50.00 MiB ->     8.20 MiB
[ 459/ 600] blk.26.inp_gate.weight               - [  2560,    256,      1,      1], type =   bf16, converting to q2_K .. size =     1.25 MiB ->     0.21 MiB
[ 460/ 600] blk.26.layer_output_scale.weight     - [     1,      1,      1,      1], type =    f32, size =    0.000 MiB
[ 461/ 600] blk.26.post_attention_norm.weight    - [  2560,      1,      1,      1], type =    f32, size =    0.010 MiB
[ 462/ 600] blk.26.post_ffw_norm.weight          - [  2560,      1,      1,      1], type =    f32, size =    0.010 MiB
[ 463/ 600] blk.26.post_norm.weight              - [  2560,      1,      1,      1], type =    f32, size =    0.010 MiB
[ 464/ 600] blk.26.proj.weight                   - [   256,   2560,      1,      1], type =   bf16, converting to q2_K .. size =     1.25 MiB ->     0.21 MiB
[ 465/ 600] blk.27.attn_k.weight                 - [  2560,    512,      1,      1], type =   bf16, converting to q2_K .. size =     2.50 MiB ->     0.41 MiB
[ 466/ 600] blk.27.attn_k_norm.weight            - [   256,      1,      1,      1], type =    f32, size =    0.001 MiB
[ 467/ 600] blk.27.attn_norm.weight              - [  2560,      1,      1,      1], type =    f32, size =    0.010 MiB
[ 468/ 600] blk.27.attn_output.weight            - [  2048,   2560,      1,      1], type =   bf16, converting to q3_K .. size =    10.00 MiB ->     2.15 MiB
[ 469/ 600] blk.27.attn_q.weight                 - [  2560,   2048,      1,      1], type =   bf16, converting to q2_K .. size =    10.00 MiB ->     1.64 MiB
[ 470/ 600] blk.27.attn_q_norm.weight            - [   256,      1,      1,      1], type =    f32, size =    0.001 MiB
[ 471/ 600] blk.27.attn_v.weight                 - [  2560,    512,      1,      1], type =   bf16, converting to q4_K .. size =     2.50 MiB ->     0.70 MiB
[ 472/ 600] blk.27.ffn_down.weight               - [ 10240,   2560,      1,      1], type =   bf16, converting to q3_K .. size =    50.00 MiB ->    10.74 MiB
[ 473/ 600] blk.27.ffn_gate.weight               - [  2560,  10240,      1,      1], type =   bf16, converting to q2_K .. size =    50.00 MiB ->     8.20 MiB
[ 474/ 600] blk.27.ffn_norm.weight               - [  2560,      1,      1,      1], type =    f32, size =    0.010 MiB
[ 475/ 600] blk.27.ffn_up.weight                 - [  2560,  10240,      1,      1], type =   bf16, converting to q2_K .. size =    50.00 MiB ->     8.20 MiB
[ 476/ 600] blk.27.inp_gate.weight               - [  2560,    256,      1,      1], type =   bf16, converting to q2_K .. size =     1.25 MiB ->     0.21 MiB
[ 477/ 600] blk.27.layer_output_scale.weight     - [     1,      1,      1,      1], type =    f32, size =    0.000 MiB
[ 478/ 600] blk.27.post_attention_norm.weight    - [  2560,      1,      1,      1], type =    f32, size =    0.010 MiB
[ 479/ 600] blk.27.post_ffw_norm.weight          - [  2560,      1,      1,      1], type =    f32, size =    0.010 MiB
[ 480/ 600] blk.27.post_norm.weight              - [  2560,      1,      1,      1], type =    f32, size =    0.010 MiB
[ 481/ 600] blk.27.proj.weight                   - [   256,   2560,      1,      1], type =   bf16, converting to q2_K .. size =     1.25 MiB ->     0.21 MiB
[ 482/ 600] blk.28.attn_k.weight                 - [  2560,    512,      1,      1], type =   bf16, converting to q2_K .. size =     2.50 MiB ->     0.41 MiB
[ 483/ 600] blk.28.attn_k_norm.weight            - [   256,      1,      1,      1], type =    f32, size =    0.001 MiB
[ 484/ 600] blk.28.attn_norm.weight              - [  2560,      1,      1,      1], type =    f32, size =    0.010 MiB
[ 485/ 600] blk.28.attn_output.weight            - [  2048,   2560,      1,      1], type =   bf16, converting to q3_K .. size =    10.00 MiB ->     2.15 MiB
[ 486/ 600] blk.28.attn_q.weight                 - [  2560,   2048,      1,      1], type =   bf16, converting to q2_K .. size =    10.00 MiB ->     1.64 MiB
[ 487/ 600] blk.28.attn_q_norm.weight            - [   256,      1,      1,      1], type =    f32, size =    0.001 MiB
[ 488/ 600] blk.28.attn_v.weight                 - [  2560,    512,      1,      1], type =   bf16, converting to q4_K .. size =     2.50 MiB ->     0.70 MiB
[ 489/ 600] blk.28.ffn_down.weight               - [ 10240,   2560,      1,      1], type =   bf16, converting to q3_K .. size =    50.00 MiB ->    10.74 MiB
[ 490/ 600] blk.28.ffn_gate.weight               - [  2560,  10240,      1,      1], type =   bf16, converting to q2_K .. size =    50.00 MiB ->     8.20 MiB
[ 491/ 600] blk.28.ffn_norm.weight               - [  2560,      1,      1,      1], type =    f32, size =    0.010 MiB
[ 492/ 600] blk.28.ffn_up.weight                 - [  2560,  10240,      1,      1], type =   bf16, converting to q2_K .. size =    50.00 MiB ->     8.20 MiB
[ 493/ 600] blk.28.inp_gate.weight               - [  2560,    256,      1,      1], type =   bf16, converting to q2_K .. size =     1.25 MiB ->     0.21 MiB
[ 494/ 600] blk.28.layer_output_scale.weight     - [     1,      1,      1,      1], type =    f32, size =    0.000 MiB
[ 495/ 600] blk.28.post_attention_norm.weight    - [  2560,      1,      1,      1], type =    f32, size =    0.010 MiB
[ 496/ 600] blk.28.post_ffw_norm.weight          - [  2560,      1,      1,      1], type =    f32, size =    0.010 MiB
[ 497/ 600] blk.28.post_norm.weight              - [  2560,      1,      1,      1], type =    f32, size =    0.010 MiB
[ 498/ 600] blk.28.proj.weight                   - [   256,   2560,      1,      1], type =   bf16, converting to q2_K .. size =     1.25 MiB ->     0.21 MiB
[ 499/ 600] blk.29.attn_k.weight                 - [  2560,    512,      1,      1], type =   bf16, converting to q2_K .. size =     2.50 MiB ->     0.41 MiB
[ 500/ 600] blk.29.attn_k_norm.weight            - [   256,      1,      1,      1], type =    f32, size =    0.001 MiB
[ 501/ 600] blk.29.attn_norm.weight              - [  2560,      1,      1,      1], type =    f32, size =    0.010 MiB
[ 502/ 600] blk.29.attn_output.weight            - [  2048,   2560,      1,      1], type =   bf16, converting to q3_K .. size =    10.00 MiB ->     2.15 MiB
[ 503/ 600] blk.29.attn_q.weight                 - [  2560,   2048,      1,      1], type =   bf16, converting to q2_K .. size =    10.00 MiB ->     1.64 MiB
[ 504/ 600] blk.29.attn_q_norm.weight            - [   256,      1,      1,      1], type =    f32, size =    0.001 MiB
[ 505/ 600] blk.29.attn_v.weight                 - [  2560,    512,      1,      1], type =   bf16, converting to q4_K .. size =     2.50 MiB ->     0.70 MiB
[ 506/ 600] blk.29.ffn_down.weight               - [ 10240,   2560,      1,      1], type =   bf16, converting to q3_K .. size =    50.00 MiB ->    10.74 MiB
[ 507/ 600] blk.29.ffn_gate.weight               - [  2560,  10240,      1,      1], type =   bf16, converting to q2_K .. size =    50.00 MiB ->     8.20 MiB
[ 508/ 600] blk.29.ffn_norm.weight               - [  2560,      1,      1,      1], type =    f32, size =    0.010 MiB
[ 509/ 600] blk.29.ffn_up.weight                 - [  2560,  10240,      1,      1], type =   bf16, converting to q2_K .. size =    50.00 MiB ->     8.20 MiB
[ 510/ 600] blk.29.inp_gate.weight               - [  2560,    256,      1,      1], type =   bf16, converting to q2_K .. size =     1.25 MiB ->     0.21 MiB
[ 511/ 600] blk.29.layer_output_scale.weight     - [     1,      1,      1,      1], type =    f32, size =    0.000 MiB
[ 512/ 600] blk.29.post_attention_norm.weight    - [  2560,      1,      1,      1], type =    f32, size =    0.010 MiB
[ 513/ 600] blk.29.post_ffw_norm.weight          - [  2560,      1,      1,      1], type =    f32, size =    0.010 MiB
[ 514/ 600] blk.29.post_norm.weight              - [  2560,      1,      1,      1], type =    f32, size =    0.010 MiB
[ 515/ 600] blk.29.proj.weight                   - [   256,   2560,      1,      1], type =   bf16, converting to q2_K .. size =     1.25 MiB ->     0.21 MiB
[ 516/ 600] blk.30.attn_k.weight                 - [  2560,    512,      1,      1], type =   bf16, converting to q2_K .. size =     2.50 MiB ->     0.41 MiB
[ 517/ 600] blk.30.attn_k_norm.weight            - [   256,      1,      1,      1], type =    f32, size =    0.001 MiB
[ 518/ 600] blk.30.attn_norm.weight              - [  2560,      1,      1,      1], type =    f32, size =    0.010 MiB
[ 519/ 600] blk.30.attn_output.weight            - [  2048,   2560,      1,      1], type =   bf16, converting to q3_K .. size =    10.00 MiB ->     2.15 MiB
[ 520/ 600] blk.30.attn_q.weight                 - [  2560,   2048,      1,      1], type =   bf16, converting to q2_K .. size =    10.00 MiB ->     1.64 MiB
[ 521/ 600] blk.30.attn_q_norm.weight            - [   256,      1,      1,      1], type =    f32, size =    0.001 MiB
[ 522/ 600] blk.30.attn_v.weight                 - [  2560,    512,      1,      1], type =   bf16, converting to q4_K .. size =     2.50 MiB ->     0.70 MiB
[ 523/ 600] blk.30.ffn_down.weight               - [ 10240,   2560,      1,      1], type =   bf16, converting to q3_K .. size =    50.00 MiB ->    10.74 MiB
[ 524/ 600] blk.30.ffn_gate.weight               - [  2560,  10240,      1,      1], type =   bf16, converting to q2_K .. size =    50.00 MiB ->     8.20 MiB
[ 525/ 600] blk.30.ffn_norm.weight               - [  2560,      1,      1,      1], type =    f32, size =    0.010 MiB
[ 526/ 600] blk.30.ffn_up.weight                 - [  2560,  10240,      1,      1], type =   bf16, converting to q2_K .. size =    50.00 MiB ->     8.20 MiB
[ 527/ 600] blk.30.inp_gate.weight               - [  2560,    256,      1,      1], type =   bf16, converting to q2_K .. size =     1.25 MiB ->     0.21 MiB
[ 528/ 600] blk.30.layer_output_scale.weight     - [     1,      1,      1,      1], type =    f32, size =    0.000 MiB
[ 529/ 600] blk.30.post_attention_norm.weight    - [  2560,      1,      1,      1], type =    f32, size =    0.010 MiB
[ 530/ 600] blk.30.post_ffw_norm.weight          - [  2560,      1,      1,      1], type =    f32, size =    0.010 MiB
[ 531/ 600] blk.30.post_norm.weight              - [  2560,      1,      1,      1], type =    f32, size =    0.010 MiB
[ 532/ 600] blk.30.proj.weight                   - [   256,   2560,      1,      1], type =   bf16, converting to q2_K .. size =     1.25 MiB ->     0.21 MiB
[ 533/ 600] blk.31.attn_k.weight                 - [  2560,    512,      1,      1], type =   bf16, converting to q2_K .. size =     2.50 MiB ->     0.41 MiB
[ 534/ 600] blk.31.attn_k_norm.weight            - [   256,      1,      1,      1], type =    f32, size =    0.001 MiB
[ 535/ 600] blk.31.attn_norm.weight              - [  2560,      1,      1,      1], type =    f32, size =    0.010 MiB
[ 536/ 600] blk.31.attn_output.weight            - [  2048,   2560,      1,      1], type =   bf16, converting to q3_K .. size =    10.00 MiB ->     2.15 MiB
[ 537/ 600] blk.31.attn_q.weight                 - [  2560,   2048,      1,      1], type =   bf16, converting to q2_K .. size =    10.00 MiB ->     1.64 MiB
[ 538/ 600] blk.31.attn_q_norm.weight            - [   256,      1,      1,      1], type =    f32, size =    0.001 MiB
[ 539/ 600] blk.31.attn_v.weight                 - [  2560,    512,      1,      1], type =   bf16, converting to q4_K .. size =     2.50 MiB ->     0.70 MiB
[ 540/ 600] blk.31.ffn_down.weight               - [ 10240,   2560,      1,      1], type =   bf16, converting to q3_K .. size =    50.00 MiB ->    10.74 MiB
[ 541/ 600] blk.31.ffn_gate.weight               - [  2560,  10240,      1,      1], type =   bf16, converting to q2_K .. size =    50.00 MiB ->     8.20 MiB
[ 542/ 600] blk.31.ffn_norm.weight               - [  2560,      1,      1,      1], type =    f32, size =    0.010 MiB
[ 543/ 600] blk.31.ffn_up.weight                 - [  2560,  10240,      1,      1], type =   bf16, converting to q2_K .. size =    50.00 MiB ->     8.20 MiB
[ 544/ 600] blk.31.inp_gate.weight               - [  2560,    256,      1,      1], type =   bf16, converting to q2_K .. size =     1.25 MiB ->     0.21 MiB
[ 545/ 600] blk.31.layer_output_scale.weight     - [     1,      1,      1,      1], type =    f32, size =    0.000 MiB
[ 546/ 600] blk.31.post_attention_norm.weight    - [  2560,      1,      1,      1], type =    f32, size =    0.010 MiB
[ 547/ 600] blk.31.post_ffw_norm.weight          - [  2560,      1,      1,      1], type =    f32, size =    0.010 MiB
[ 548/ 600] blk.31.post_norm.weight              - [  2560,      1,      1,      1], type =    f32, size =    0.010 MiB
[ 549/ 600] blk.31.proj.weight                   - [   256,   2560,      1,      1], type =   bf16, converting to q2_K .. size =     1.25 MiB ->     0.21 MiB
[ 550/ 600] blk.32.attn_k.weight                 - [  2560,    512,      1,      1], type =   bf16, converting to q2_K .. size =     2.50 MiB ->     0.41 MiB
[ 551/ 600] blk.32.attn_k_norm.weight            - [   256,      1,      1,      1], type =    f32, size =    0.001 MiB
[ 552/ 600] blk.32.attn_norm.weight              - [  2560,      1,      1,      1], type =    f32, size =    0.010 MiB
[ 553/ 600] blk.32.attn_output.weight            - [  2048,   2560,      1,      1], type =   bf16, converting to q3_K .. size =    10.00 MiB ->     2.15 MiB
[ 554/ 600] blk.32.attn_q.weight                 - [  2560,   2048,      1,      1], type =   bf16, converting to q2_K .. size =    10.00 MiB ->     1.64 MiB
[ 555/ 600] blk.32.attn_q_norm.weight            - [   256,      1,      1,      1], type =    f32, size =    0.001 MiB
[ 556/ 600] blk.32.attn_v.weight                 - [  2560,    512,      1,      1], type =   bf16, converting to q4_K .. size =     2.50 MiB ->     0.70 MiB
[ 557/ 600] blk.32.ffn_down.weight               - [ 10240,   2560,      1,      1], type =   bf16, converting to q3_K .. size =    50.00 MiB ->    10.74 MiB
[ 558/ 600] blk.32.ffn_gate.weight               - [  2560,  10240,      1,      1], type =   bf16, converting to q2_K .. size =    50.00 MiB ->     8.20 MiB
[ 559/ 600] blk.32.ffn_norm.weight               - [  2560,      1,      1,      1], type =    f32, size =    0.010 MiB
[ 560/ 600] blk.32.ffn_up.weight                 - [  2560,  10240,      1,      1], type =   bf16, converting to q2_K .. size =    50.00 MiB ->     8.20 MiB
[ 561/ 600] blk.32.inp_gate.weight               - [  2560,    256,      1,      1], type =   bf16, converting to q2_K .. size =     1.25 MiB ->     0.21 MiB
[ 562/ 600] blk.32.layer_output_scale.weight     - [     1,      1,      1,      1], type =    f32, size =    0.000 MiB
[ 563/ 600] blk.32.post_attention_norm.weight    - [  2560,      1,      1,      1], type =    f32, size =    0.010 MiB
[ 564/ 600] blk.32.post_ffw_norm.weight          - [  2560,      1,      1,      1], type =    f32, size =    0.010 MiB
[ 565/ 600] blk.32.post_norm.weight              - [  2560,      1,      1,      1], type =    f32, size =    0.010 MiB
[ 566/ 600] blk.32.proj.weight                   - [   256,   2560,      1,      1], type =   bf16, converting to q2_K .. size =     1.25 MiB ->     0.21 MiB
[ 567/ 600] blk.33.attn_k.weight                 - [  2560,    512,      1,      1], type =   bf16, converting to q2_K .. size =     2.50 MiB ->     0.41 MiB
[ 568/ 600] blk.33.attn_k_norm.weight            - [   256,      1,      1,      1], type =    f32, size =    0.001 MiB
[ 569/ 600] blk.33.attn_norm.weight              - [  2560,      1,      1,      1], type =    f32, size =    0.010 MiB
[ 570/ 600] blk.33.attn_output.weight            - [  2048,   2560,      1,      1], type =   bf16, converting to q3_K .. size =    10.00 MiB ->     2.15 MiB
[ 571/ 600] blk.33.attn_q.weight                 - [  2560,   2048,      1,      1], type =   bf16, converting to q2_K .. size =    10.00 MiB ->     1.64 MiB
[ 572/ 600] blk.33.attn_q_norm.weight            - [   256,      1,      1,      1], type =    f32, size =    0.001 MiB
[ 573/ 600] blk.33.attn_v.weight                 - [  2560,    512,      1,      1], type =   bf16, converting to q4_K .. size =     2.50 MiB ->     0.70 MiB
[ 574/ 600] blk.33.ffn_down.weight               - [ 10240,   2560,      1,      1], type =   bf16, converting to q3_K .. size =    50.00 MiB ->    10.74 MiB
[ 575/ 600] blk.33.ffn_gate.weight               - [  2560,  10240,      1,      1], type =   bf16, converting to q2_K .. size =    50.00 MiB ->     8.20 MiB
[ 576/ 600] blk.33.ffn_norm.weight               - [  2560,      1,      1,      1], type =    f32, size =    0.010 MiB
[ 577/ 600] blk.33.ffn_up.weight                 - [  2560,  10240,      1,      1], type =   bf16, converting to q2_K .. size =    50.00 MiB ->     8.20 MiB
[ 578/ 600] blk.33.inp_gate.weight               - [  2560,    256,      1,      1], type =   bf16, converting to q2_K .. size =     1.25 MiB ->     0.21 MiB
[ 579/ 600] blk.33.layer_output_scale.weight     - [     1,      1,      1,      1], type =    f32, size =    0.000 MiB
[ 580/ 600] blk.33.post_attention_norm.weight    - [  2560,      1,      1,      1], type =    f32, size =    0.010 MiB
[ 581/ 600] blk.33.post_ffw_norm.weight          - [  2560,      1,      1,      1], type =    f32, size =    0.010 MiB
[ 582/ 600] blk.33.post_norm.weight              - [  2560,      1,      1,      1], type =    f32, size =    0.010 MiB
[ 583/ 600] blk.33.proj.weight                   - [   256,   2560,      1,      1], type =   bf16, converting to q2_K .. size =     1.25 MiB ->     0.21 MiB
[ 584/ 600] blk.34.attn_k.weight                 - [  2560,    512,      1,      1], type =   bf16, converting to q2_K .. size =     2.50 MiB ->     0.41 MiB
[ 585/ 600] blk.34.attn_k_norm.weight            - [   256,      1,      1,      1], type =    f32, size =    0.001 MiB
[ 586/ 600] blk.34.attn_norm.weight              - [  2560,      1,      1,      1], type =    f32, size =    0.010 MiB
[ 587/ 600] blk.34.attn_output.weight            - [  2048,   2560,      1,      1], type =   bf16, converting to q3_K .. size =    10.00 MiB ->     2.15 MiB
[ 588/ 600] blk.34.attn_q.weight                 - [  2560,   2048,      1,      1], type =   bf16, converting to q2_K .. size =    10.00 MiB ->     1.64 MiB
[ 589/ 600] blk.34.attn_q_norm.weight            - [   256,      1,      1,      1], type =    f32, size =    0.001 MiB
[ 590/ 600] blk.34.attn_v.weight                 - [  2560,    512,      1,      1], type =   bf16, converting to q4_K .. size =     2.50 MiB ->     0.70 MiB
[ 591/ 600] blk.34.ffn_down.weight               - [ 10240,   2560,      1,      1], type =   bf16, converting to q3_K .. size =    50.00 MiB ->    10.74 MiB
[ 592/ 600] blk.34.ffn_gate.weight               - [  2560,  10240,      1,      1], type =   bf16, converting to q2_K .. size =    50.00 MiB ->     8.20 MiB
[ 593/ 600] blk.34.ffn_norm.weight               - [  2560,      1,      1,      1], type =    f32, size =    0.010 MiB
[ 594/ 600] blk.34.ffn_up.weight                 - [  2560,  10240,      1,      1], type =   bf16, converting to q2_K .. size =    50.00 MiB ->     8.20 MiB
[ 595/ 600] blk.34.inp_gate.weight               - [  2560,    256,      1,      1], type =   bf16, converting to q2_K .. size =     1.25 MiB ->     0.21 MiB
[ 596/ 600] blk.34.layer_output_scale.weight     - [     1,      1,      1,      1], type =    f32, size =    0.000 MiB
[ 597/ 600] blk.34.post_attention_norm.weight    - [  2560,      1,      1,      1], type =    f32, size =    0.010 MiB
[ 598/ 600] blk.34.post_ffw_norm.weight          - [  2560,      1,      1,      1], type =    f32, size =    0.010 MiB
[ 599/ 600] blk.34.post_norm.weight              - [  2560,      1,      1,      1], type =    f32, size =    0.010 MiB
[ 600/ 600] blk.34.proj.weight                   - [   256,   2560,      1,      1], type =   bf16, converting to q2_K .. size =     1.25 MiB ->     0.21 MiB
llama_model_quantize_impl: model size  = 12018.04 MiB (16.00 BPW)
llama_model_quantize_impl: quant size  =  3544.17 MiB (4.72 BPW)

main: quantize time = 138761.46 ms
main:    total time = 138761.46 ms
